ARM Linker, 5.03 [Build 76] [MDK-ARM Lite]

==============================================================================

Section Cross References

    startup_tm4c123.o(STACK) refers (Special) to heapauxi.o(.text) for __use_two_region_memory
    startup_tm4c123.o(HEAP) refers (Special) to heapauxi.o(.text) for __use_two_region_memory
    startup_tm4c123.o(RESET) refers (Special) to heapauxi.o(.text) for __use_two_region_memory
    startup_tm4c123.o(RESET) refers to startup_tm4c123.o(STACK) for __initial_sp
    startup_tm4c123.o(RESET) refers to startup_tm4c123.o(.text) for Reset_Handler
    startup_tm4c123.o(.text) refers (Special) to heapauxi.o(.text) for __use_two_region_memory
    startup_tm4c123.o(.text) refers to __main.o(!!!main) for __main
    startup_tm4c123.o(.text) refers to startup_tm4c123.o(HEAP) for Heap_Mem
    startup_tm4c123.o(.text) refers to startup_tm4c123.o(STACK) for Stack_Mem
    main.o(.text) refers to dflt_clz.o(x$fpl$dflt) for __aeabi_i2d
    main.o(.text) refers to pow.o(i.__hardfp_pow) for __hardfp_pow
    main.o(.text) refers to f2d.o(x$fpl$f2d) for __aeabi_f2d
    main.o(.text) refers to dmul.o(x$fpl$dmul) for __aeabi_dmul
    main.o(.text) refers to d2f.o(x$fpl$d2f) for __aeabi_d2f
    main.o(.text) refers to cos.o(i.__hardfp_cos) for __hardfp_cos
    main.o(.text) refers to sin.o(i.__hardfp_sin) for __hardfp_sin
    main.o(.text) refers to daddsub_clz.o(x$fpl$dadd) for __aeabi_dadd
    main.o(.text) refers to sqrt.o(i.__hardfp_sqrt) for __hardfp_sqrt
    main.o(.text) refers to asin.o(i.__hardfp_asin) for __hardfp_asin
    main.o(.text) refers to strcmpv7m.o(.text) for strcmp
    main.o(.text) refers to main.o(.data) for flag
    main.o(.text) refers to main.o(.bss) for command
    main.o(.text) refers to atof.o(i.__hardfp_atof) for __hardfp_atof
    main.o(.text) refers to atoi.o(.text) for atoi
    main.o(.text) refers to floor.o(i.__hardfp_floor) for __hardfp_floor
    main.o(.text) refers to ddiv.o(x$fpl$ddiv) for __aeabi_ddiv
    main.o(.text) refers to strlen.o(.text) for strlen
    main.o(.text) refers to rt_memclr.o(.text) for __aeabi_memclr
    atoi.o(.text) refers to rt_errno_addr_intlibspace.o(.text) for __aeabi_errno_addr
    atoi.o(.text) refers to strtol.o(.text) for strtol
    rt_memclr.o(.text) refers to rt_memclr_w.o(.text) for _memset_w
    __main.o(!!!main) refers to rtentry.o(.ARM.Collect$$rtentry$$00000000) for __rt_entry
    d2f.o(x$fpl$d2f) refers (Special) to usenofp.o(x$fpl$usenofp) for __I$use$fp
    d2f.o(x$fpl$d2f) refers to fretinf.o(x$fpl$fretinf) for __fpl_fretinf
    d2f.o(x$fpl$d2f) refers to dnaninf.o(x$fpl$dnaninf) for __fpl_dnaninf
    daddsub_clz.o(x$fpl$dadd) refers (Special) to usenofp.o(x$fpl$usenofp) for __I$use$fp
    daddsub_clz.o(x$fpl$dadd) refers to daddsub_clz.o(x$fpl$dsub) for _dsub1
    daddsub_clz.o(x$fpl$dadd) refers to dretinf.o(x$fpl$dretinf) for __fpl_dretinf
    daddsub_clz.o(x$fpl$dadd) refers to dnaninf.o(x$fpl$dnaninf) for __fpl_dnaninf
    daddsub_clz.o(x$fpl$drsb) refers (Special) to usenofp.o(x$fpl$usenofp) for __I$use$fp
    daddsub_clz.o(x$fpl$drsb) refers to daddsub_clz.o(x$fpl$dadd) for _dadd1
    daddsub_clz.o(x$fpl$drsb) refers to daddsub_clz.o(x$fpl$dsub) for _dsub1
    daddsub_clz.o(x$fpl$dsub) refers (Special) to usenofp.o(x$fpl$usenofp) for __I$use$fp
    daddsub_clz.o(x$fpl$dsub) refers to daddsub_clz.o(x$fpl$dadd) for _dadd1
    daddsub_clz.o(x$fpl$dsub) refers to dnaninf.o(x$fpl$dnaninf) for __fpl_dnaninf
    ddiv.o(x$fpl$drdiv) refers (Special) to usenofp.o(x$fpl$usenofp) for __I$use$fp
    ddiv.o(x$fpl$drdiv) refers to ddiv.o(x$fpl$ddiv) for ddiv_entry
    ddiv.o(x$fpl$ddiv) refers (Special) to usenofp.o(x$fpl$usenofp) for __I$use$fp
    ddiv.o(x$fpl$ddiv) refers to dretinf.o(x$fpl$dretinf) for __fpl_dretinf
    ddiv.o(x$fpl$ddiv) refers to dnaninf.o(x$fpl$dnaninf) for __fpl_dnaninf
    dflt_clz.o(x$fpl$dfltu) refers (Special) to usenofp.o(x$fpl$usenofp) for __I$use$fp
    dflt_clz.o(x$fpl$dflt) refers (Special) to usenofp.o(x$fpl$usenofp) for __I$use$fp
    dflt_clz.o(x$fpl$dfltn) refers (Special) to usenofp.o(x$fpl$usenofp) for __I$use$fp
    dmul.o(x$fpl$dmul) refers (Special) to usenofp.o(x$fpl$usenofp) for __I$use$fp
    dmul.o(x$fpl$dmul) refers to dretinf.o(x$fpl$dretinf) for __fpl_dretinf
    dmul.o(x$fpl$dmul) refers to dnaninf.o(x$fpl$dnaninf) for __fpl_dnaninf
    f2d.o(x$fpl$f2d) refers (Special) to usenofp.o(x$fpl$usenofp) for __I$use$fp
    f2d.o(x$fpl$f2d) refers to fnaninf.o(x$fpl$fnaninf) for __fpl_fnaninf
    f2d.o(x$fpl$f2d) refers to dretinf.o(x$fpl$dretinf) for __fpl_dretinf
    asin.o(i.__hardfp_asin) refers (Special) to usenofp.o(x$fpl$usenofp) for __I$use$fp
    asin.o(i.__hardfp_asin) refers to daddsub_clz.o(x$fpl$dadd) for __aeabi_dadd
    asin.o(i.__hardfp_asin) refers to dmul.o(x$fpl$dmul) for __aeabi_dmul
    asin.o(i.__hardfp_asin) refers to _rserrno.o(.text) for __set_errno
    asin.o(i.__hardfp_asin) refers to ddiv.o(x$fpl$ddiv) for __aeabi_ddiv
[...]
    ../clib/angel/rt.s                       0x00000000   Number         0  rt_raise.o ABSOLUTE
    ../clib/angel/rt.s                       0x00000000   Number         0  rt_ctype_table.o ABSOLUTE
    ../clib/angel/rt.s                       0x00000000   Number         0  rt_locale_intlibspace.o ABSOLUTE
    ../clib/angel/rt.s                       0x00000000   Number         0  rt_locale.o ABSOLUTE
    ../clib/angel/scatter.s                  0x00000000   Number         0  __scatter.o ABSOLUTE
    ../clib/angel/startup.s                  0x00000000   Number         0  __main.o ABSOLUTE
    ../clib/angel/sys.s                      0x00000000   Number         0  indicate_semi.o ABSOLUTE
    ../clib/angel/sys.s                      0x00000000   Number         0  libspace.o ABSOLUTE
    ../clib/angel/sys.s                      0x00000000   Number         0  use_no_semi.o ABSOLUTE
    ../clib/angel/sys.s                      0x00000000   Number         0  sys_stackheap_outer.o ABSOLUTE
    ../clib/angel/sysapp.c                   0x00000000   Number         0  sys_exit.o ABSOLUTE
    ../clib/angel/sysapp.c                   0x00000000   Number         0  sys_wrch.o ABSOLUTE
    ../clib/angel/sysapp.c                   0x00000000   Number         0  sys_command.o ABSOLUTE
    ../clib/armsys.c                         0x00000000   Number         0  argv_veneer.o ABSOLUTE
    ../clib/armsys.c                         0x00000000   Number         0  argv_veneer.o ABSOLUTE
    ../clib/armsys.c                         0x00000000   Number         0  no_argv.o ABSOLUTE
    ../clib/armsys.c                         0x00000000   Number         0  _get_argv_nomalloc.o ABSOLUTE
    ../clib/bigflt.c                         0x00000000   Number         0  bigflt0.o ABSOLUTE
    ../clib/btod.s                           0x00000000   Number         0  btod.o ABSOLUTE
    ../clib/ctype.c                          0x00000000   Number         0  isspace.o ABSOLUTE
    ../clib/fenv.c                           0x00000000   Number         0  _rserrno.o ABSOLUTE
    ../clib/heapalloc.c                      0x00000000   Number         0  hrguard.o ABSOLUTE
    ../clib/heapaux.c                        0x00000000   Number         0  heapauxi.o ABSOLUTE
    ../clib/libinit.s                        0x00000000   Number         0  libshutdown.o ABSOLUTE
    ../clib/libinit.s                        0x00000000   Number         0  libshutdown2.o ABSOLUTE
    ../clib/libinit.s                        0x00000000   Number         0  libinit.o ABSOLUTE
    ../clib/libinit.s                        0x00000000   Number         0  libinit2.o ABSOLUTE
    ../clib/locale.s                         0x00000000   Number         0  lc_ctype_c.o ABSOLUTE
    ../clib/locale.s                         0x00000000   Number         0  lc_numeric_c.o ABSOLUTE
    ../clib/longlong.s                       0x00000000   Number         0  llshl.o ABSOLUTE
    ../clib/memcpset.s                       0x00000000   Number         0  rt_memclr_w.o ABSOLUTE
    ../clib/memcpset.s                       0x00000000   Number         0  rt_memclr.o ABSOLUTE
    ../clib/memcpset.s                       0x00000000   Number         0  strcmpv7m.o ABSOLUTE
    ../clib/scanf.c                          0x00000000   Number         0  strtod.o ABSOLUTE
    ../clib/scanf.c                          0x00000000   Number         0  scanf_fp.o ABSOLUTE
    ../clib/scanf.c                          0x00000000   Number         0  _sgetc.o ABSOLUTE
    ../clib/scanf.c                          0x00000000   Number         0  scanf_hexfp.o ABSOLUTE
    ../clib/scanf.c                          0x00000000   Number         0  atoi.o ABSOLUTE
    ../clib/scanf.c                          0x00000000   Number         0  strtol.o ABSOLUTE
    ../clib/scanf.c                          0x00000000   Number         0  scanf_infnan.o ABSOLUTE
    ../clib/scanf.c                          0x00000000   Number         0  _chval.o ABSOLUTE
    ../clib/scanf.c                          0x00000000   Number         0  _strtoul.o ABSOLUTE
    ../clib/signal.c                         0x00000000   Number         0  __raise.o ABSOLUTE
    ../clib/signal.c                         0x00000000   Number         0  defsig_rtmem_inner.o ABSOLUTE
    ../clib/signal.c                         0x00000000   Number         0  defsig_exit.o ABSOLUTE
    ../clib/signal.c                         0x00000000   Number         0  defsig_segv_inner.o ABSOLUTE
    ../clib/signal.c                         0x00000000   Number         0  defsig_rtmem_formal.o ABSOLUTE
    ../clib/signal.c                         0x00000000   Number         0  defsig_rtmem_outer.o ABSOLUTE
    ../clib/signal.c                         0x00000000   Number         0  defsig_general.o ABSOLUTE
    ../clib/signal.c                         0x00000000   Number         0  defsig_cppl_inner.o ABSOLUTE
    ../clib/signal.c                         0x00000000   Number         0  defsig_other.o ABSOLUTE
    ../clib/signal.c                         0x00000000   Number         0  defsig_pvfn_inner.o ABSOLUTE
    ../clib/signal.c                         0x00000000   Number         0  defsig_stak_inner.o ABSOLUTE
    ../clib/signal.c                         0x00000000   Number         0  defsig_rtred_inner.o ABSOLUTE
    ../clib/signal.c                         0x00000000   Number         0  defsig_fpe_inner.o ABSOLUTE
    ../clib/signal.c                         0x00000000   Number         0  defsig_abrt_inner.o ABSOLUTE
    ../clib/signal.s                         0x00000000   Number         0  defsig.o ABSOLUTE
    ../clib/stdlib.c                         0x00000000   Number         0  exit.o ABSOLUTE
    ../clib/string.c                         0x00000000   Number         0  strlen.o ABSOLUTE
    ../fplib/basic.s                         0x00000000   Number         0  basic.o ABSOLUTE
    ../fplib/d2f.s                           0x00000000   Number         0  d2f.o ABSOLUTE
    ../fplib/daddsub.s                       0x00000000   Number         0  daddsub_clz.o ABSOLUTE
    ../fplib/dcheck1.s                       0x00000000   Number         0  dcheck1.o ABSOLUTE
    ../fplib/dcmpi.s                         0x00000000   Number         0  dcmpi.o ABSOLUTE
    ../fplib/ddiv.s                          0x00000000   Number         0  ddiv.o ABSOLUTE
    ../fplib/deqf.s                          0x00000000   Number         0  deqf.o ABSOLUTE
    ../fplib/dfix.s                          0x00000000   Number         0  dfix.o ABSOLUTE
    ../fplib/dflt.s                          0x00000000   Number         0  dflt_clz.o ABSOLUTE
    ../fplib/dleqf.s                         0x00000000   Number         0  dleqf.o ABSOLUTE
    ../fplib/dmul.s                          0x00000000   Number         0  dmul.o ABSOLUTE
    ../fplib/dnaninf.s                       0x00000000   Number         0  dnaninf.o ABSOLUTE
    ../fplib/dretinf.s                       0x00000000   Number         0  dretinf.o ABSOLUTE
    ../fplib/drleqf.s                        0x00000000   Number         0  drleqf.o ABSOLUTE
    ../fplib/dsqrt.s                         0x00000000   Number         0  dsqrt_umaal.o ABSOLUTE
    ../fplib/f2d.s                           0x00000000   Number         0  f2d.o ABSOLUTE
    ../fplib/fnaninf.s                       0x00000000   Number         0  fnaninf.o ABSOLUTE
    ../fplib/fpconst.s                       0x00000000   Number         0  fpconst.o ABSOLUTE
    ../fplib/fpinit.s                        0x00000000   Number         0  fpinit.o ABSOLUTE
    ../fplib/fretinf.s                       0x00000000   Number         0  fretinf.o ABSOLUTE
    ../fplib/istatus.s                       0x00000000   Number         0  istatus.o ABSOLUTE
    ../fplib/retnan.s                        0x00000000   Number         0  retnan.o ABSOLUTE
    ../fplib/scalbn.s                        0x00000000   Number         0  scalbn.o ABSOLUTE
    ../fplib/scanf1.s                        0x00000000   Number         0  scanf1.o ABSOLUTE
    ../fplib/scanf2.s                        0x00000000   Number         0  scanf2.o ABSOLUTE
    ../fplib/scanf2a.s                       0x00000000   Number         0  scanf2a.o ABSOLUTE
    ../fplib/scanf2b.s                       0x00000000   Number         0  scanf2b.o ABSOLUTE
    ../fplib/trapv.s                         0x00000000   Number         0  trapv.o ABSOLUTE
    ../fplib/usenofp.s                       0x00000000   Number         0  usenofp.o ABSOLUTE
    ../mathlib/asin.c                        0x00000000   Number         0  asin.o ABSOLUTE
    ../mathlib/asin.c                        0x00000000   Number         0  asin_x.o ABSOLUTE
    ../mathlib/atof.c                        0x00000000   Number         0  atof.o ABSOLUTE
    ../mathlib/cos.c                         0x00000000   Number         0  cos_x.o ABSOLUTE
    ../mathlib/cos.c                         0x00000000   Number         0  cos.o ABSOLUTE
    ../mathlib/cos_i.c                       0x00000000   Number         0  cos_i.o ABSOLUTE
    ../mathlib/dunder.c                      0x00000000   Number         0  dunder.o ABSOLUTE
    ../mathlib/fabs.c                        0x00000000   Number         0  fabs.o ABSOLUTE
    ../mathlib/floor.c                       0x00000000   Number         0  floor.o ABSOLUTE
    ../mathlib/fpclassify.c                  0x00000000   Number         0  fpclassify.o ABSOLUTE
    ../mathlib/frexp.c                       0x00000000   Number         0  frexp.o ABSOLUTE
    ../mathlib/ldexp.c                       0x00000000   Number         0  ldexp_x.o ABSOLUTE
    ../mathlib/ldexp.c                       0x00000000   Number         0  ldexp.o ABSOLUTE
    ../mathlib/narrow.c                      0x00000000   Number         0  narrow.o ABSOLUTE
    ../mathlib/poly.c                        0x00000000   Number         0  poly.o ABSOLUTE
    ../mathlib/pow.c                         0x00000000   Number         0  pow_x.o ABSOLUTE
    ../mathlib/pow.c                         0x00000000   Number         0  pow.o ABSOLUTE
    ../mathlib/qnan.c                        0x00000000   Number         0  qnan.o ABSOLUTE
    ../mathlib/rred.c                        0x00000000   Number         0  rred.o ABSOLUTE
    ../mathlib/sin.c                         0x00000000   Number         0  sin.o ABSOLUTE
    ../mathlib/sin.c                         0x00000000   Number         0  sin_x.o ABSOLUTE
    ../mathlib/sin_i.c                       0x00000000   Number         0  sin_i_x.o ABSOLUTE
    ../mathlib/sin_i.c                       0x00000000   Number         0  sin_i.o ABSOLUTE
    ../mathlib/sqrt.c                        0x00000000   Number         0  sqrt.o ABSOLUTE
    ../mathlib/sqrt.c                        0x00000000   Number         0  sqrt_x.o ABSOLUTE
    dc.s                                     0x00000000   Number         0  dc.o ABSOLUTE
    main.c                                   0x00000000   Number         0  main.o ABSOLUTE
    startup_TM4C123.s                        0x00000000   Number         0  startup_tm4c123.o ABSOLUTE
    !!!main                                  0x0000026c   Section        8  __main.o(!!!main)
    !!!scatter                               0x00000274   Section       52  __scatter.o(!!!scatter)
    !!handler_copy                           0x000002a8   Section       26  __scatter_copy.o(!!handler_copy)
    !!handler_zi                             0x000002c4   Section       28  __scatter_zi.o(!!handler_zi)
    .ARM.Collect$$libinit$$00000000          0x000002e0   Section        2  libinit.o(.ARM.Collect$$libinit$$00000000)
    .ARM.Collect$$libinit$$00000001          0x000002e2   Section        4  libinit2.o(.ARM.Collect$$libinit$$00000001)
    .ARM.Collect$$libinit$$00000008          0x000002e6   Section        0  libinit2.o(.ARM.Collect$$libinit$$00000008)
    .ARM.Collect$$libinit$$0000000A          0x000002e6   Section        0  libinit2.o(.ARM.Collect$$libinit$$0000000A)
    .ARM.Collect$$libinit$$0000000C          0x000002e6   Section        0  libinit2.o(.ARM.Collect$$libinit$$0000000C)
    .ARM.Collect$$libinit$$0000000D          0x000002e6   Section        6  libinit2.o(.ARM.Collect$$libinit$$0000000D)
    .ARM.Collect$$libinit$$0000000F          0x000002ec   Section        0  libinit2.o(.ARM.Collect$$libinit$$0000000F)
    .ARM.Collect$$libinit$$00000010          0x000002ec   Section       12  libinit2.o(.ARM.Collect$$libinit$$00000010)
    .ARM.Collect$$libinit$$00000011          0x000002f8   Section        0  libinit2.o(.ARM.Collect$$libinit$$00000011)
    .ARM.Collect$$libinit$$00000013          0x000002f8   Section        0  libinit2.o(.ARM.Collect$$libinit$$00000013)
    .ARM.Collect$$libinit$$00000014          0x000002f8   Section       10  libinit2.o(.ARM.Collect$$libinit$$00000014)
    .ARM.Collect$$libinit$$00000015          0x00000302   Section        0  libinit2.o(.ARM.Collect$$libinit$$00000015)
    .ARM.Collect$$libinit$$00000017          0x00000302   Section        0  libinit2.o(.ARM.Collect$$libinit$$00000017)
    .ARM.Collect$$libinit$$00000019          0x00000302   Section        0  libinit2.o(.ARM.Collect$$libinit$$00000019)
    .ARM.Collect$$libinit$$0000001B          0x00000302   Section        0  libinit2.o(.ARM.Collect$$libinit$$0000001B)
    .ARM.Collect$$libinit$$0000001D          0x00000302   Section        0  libinit2.o(.ARM.Collect$$libinit$$0000001D)
    .ARM.Collect$$libinit$$0000001F          0x00000302   Section        0  libinit2.o(.ARM.Collect$$libinit$$0000001F)
    .ARM.Collect$$libinit$$00000021          0x00000302   Section        0  libinit2.o(.ARM.Collect$$libinit$$00000021)
    .ARM.Collect$$libinit$$00000023          0x00000302   Section        0  libinit2.o(.ARM.Collect$$libinit$$00000023)
    .ARM.Collect$$libinit$$0000002A          0x00000302   Section        0  libinit2.o(.ARM.Collect$$libinit$$0000002A)
    .ARM.Collect$$libinit$$0000002C          0x00000302   Section        0  libinit2.o(.ARM.Collect$$libinit$$0000002C)
    .ARM.Collect$$libinit$$0000002E          0x00000302   Section        0  libinit2.o(.ARM.Collect$$libinit$$0000002E)
    .ARM.Collect$$libinit$$00000030          0x00000302   Section        0  libinit2.o(.ARM.Collect$$libinit$$00000030)
    .ARM.Collect$$libinit$$00000031          0x00000302   Section        2  libinit2.o(.ARM.Collect$$libinit$$00000031)
    .ARM.Collect$$libshutdown$$00000000      0x00000304   Section        2  libshutdown.o(.ARM.Collect$$libshutdown$$00000000)
    .ARM.Collect$$libshutdown$$00000003      0x00000306   Section        0  libshutdown2.o(.ARM.Collect$$libshutdown$$00000003)
    .ARM.Collect$$libshutdown$$00000006      0x00000306   Section        0  libshutdown2.o(.ARM.Collect$$libshutdown$$00000006)
    .ARM.Collect$$libshutdown$$00000009      0x00000306   Section        0  libshutdown2.o(.ARM.Collect$$libshutdown$$00000009)
    .ARM.Collect$$libshutdown$$0000000B      0x00000306   Section        0  libshutdown2.o(.ARM.Collect$$libshutdown$$0000000B)
    .ARM.Collect$$libshutdown$$0000000E      0x00000306   Section        0  libshutdown2.o(.ARM.Collect$$libshutdown$$0000000E)
    .ARM.Collect$$libshutdown$$0000000F      0x00000306   Section        2  libshutdown2.o(.ARM.Collect$$libshutdown$$0000000F)
    .ARM.Collect$$rtentry$$00000000          0x00000308   Section        0  rtentry.o(.ARM.Collect$$rtentry$$00000000)
    .ARM.Collect$$rtentry$$00000002          0x00000308   Section        0  rtentry2.o(.ARM.Collect$$rtentry$$00000002)
    .ARM.Collect$$rtentry$$00000004          0x00000308   Section        6  rtentry4.o(.ARM.Collect$$rtentry$$00000004)
    .ARM.Collect$$rtentry$$00000009          0x0000030e   Section        0  rtentry2.o(.ARM.Collect$$rtentry$$00000009)
    .ARM.Collect$$rtentry$$0000000A          0x0000030e   Section        4  rtentry2.o(.ARM.Collect$$rtentry$$0000000A)
    .ARM.Collect$$rtentry$$0000000C          0x00000312   Section        0  rtentry2.o(.ARM.Collect$$rtentry$$0000000C)
    .ARM.Collect$$rtentry$$0000000D          0x00000312   Section        8  rtentry2.o(.ARM.Collect$$rtentry$$0000000D)
    .ARM.Collect$$rtexit$$00000000           0x0000031a   Section        2  rtexit.o(.ARM.Collect$$rtexit$$00000000)
    .ARM.Collect$$rtexit$$00000002           0x0000031c   Section        0  rtexit2.o(.ARM.Collect$$rtexit$$00000002)
    .ARM.Collect$$rtexit$$00000003           0x0000031c   Section        4  rtexit2.o(.ARM.Collect$$rtexit$$00000003)
    .ARM.Collect$$rtexit$$00000004           0x00000320   Section        6  rtexit2.o(.ARM.Collect$$rtexit$$00000004)
    .text                                    0x00000328   Section      268  startup_tm4c123.o(.text)
    $v0                                      0x00000328   Number         0  startup_tm4c123.o(.text)
    .text                                    0x00000434   Section        0  main.o(.text)
    .text                                    0x00000fa4   Section        0  atoi.o(.text)
    .text                                    0x00000fbe   Section        0  strlen.o(.text)
    .text                                    0x00000ffc   Section       68  rt_memclr.o(.text)
    .text                                    0x00001040   Section      128  strcmpv7m.o(.text)
    .text                                    0x000010c0   Section        0  heapauxi.o(.text)
    .text                                    0x000010c8   Section        8  rt_errno_addr_intlibspace.o(.text)
    .text                                    0x000010d0   Section        0  _rserrno.o(.text)
    .text                                    0x000010e8   Section        0  strtod.o(.text)
    _local_sscanf                            0x000010e9   Thumb Code    60  strtod.o(.text)
    .text                                    0x00001188   Section        0  strtol.o(.text)
    .text                                    0x000011f8   Section       78  rt_memclr_w.o(.text)
    .text                                    0x00001248   Section        8  libspace.o(.text)
    .text                                    0x00001250   Section       16  rt_ctype_table.o(.text)
    .text                                    0x00001260   Section        0  isspace.o(.text)
    .text                                    0x00001272   Section        0  _sgetc.o(.text)
    .text                                    0x000012b2   Section        0  _strtoul.o(.text)
    .text                                    0x00001350   Section       74  sys_stackheap_outer.o(.text)
    .text                                    0x0000139c   Section        8  rt_locale_intlibspace.o(.text)
    .text                                    0x000013a4   Section        0  _chval.o(.text)
    .text                                    0x000013c0   Section        0  scanf_fp.o(.text)
    _fp_value                                0x000013c1   Thumb Code   504  scanf_fp.o(.text)
    .text                                    0x00001864   Section        0  exit.o(.text)
    .text                                    0x00001870   Section        0  bigflt0.o(.text)
    .text                                    0x00001954   Section        0  scanf_hexfp.o(.text)
    .text                                    0x00001c68   Section        0  scanf_infnan.o(.text)
    .text                                    0x00001da4   Section        0  sys_exit.o(.text)
    .text                                    0x00001db0   Section       38  llshl.o(.text)
    .text                                    0x00001dd6   Section        2  use_no_semi.o(.text)
    .text                                    0x00001dd8   Section        0  indicate_semi.o(.text)
    CL$$btod_div_common                      0x00001dd8   Section      824  btod.o(CL$$btod_div_common)
    CL$$btod_e2d                             0x00002110   Section       84  btod.o(CL$$btod_e2d)
    CL$$btod_e2e                             0x00002164   Section      198  btod.o(CL$$btod_e2e)
    CL$$btod_ediv                            0x0000222a   Section       40  btod.o(CL$$btod_ediv)
    CL$$btod_edivd                           0x00002252   Section       40  btod.o(CL$$btod_edivd)
    CL$$btod_emul                            0x0000227a   Section       40  btod.o(CL$$btod_emul)
    CL$$btod_emuld                           0x000022a2   Section       40  btod.o(CL$$btod_emuld)
    CL$$btod_mult_common                     0x000022ca   Section      580  btod.o(CL$$btod_mult_common)
    i.__ARM_fpclassify                       0x0000250e   Section        0  fpclassify.o(i.__ARM_fpclassify)
    i.__hardfp_asin                          0x00002540   Section        0  asin.o(i.__hardfp_asin)
    i.__hardfp_atof                          0x000028b0   Section        0  atof.o(i.__hardfp_atof)
    i.__hardfp_cos                           0x000028e8   Section        0  cos.o(i.__hardfp_cos)
    i.__hardfp_floor                         0x000029c0   Section        0  floor.o(i.__hardfp_floor)
    i.__hardfp_ldexp                         0x00002ad8   Section        0  ldexp.o(i.__hardfp_ldexp)
    i.__hardfp_pow                           0x00002bc0   Section        0  pow.o(i.__hardfp_pow)
    i.__hardfp_sin                           0x00003850   Section        0  sin.o(i.__hardfp_sin)
    i.__hardfp_sqrt                          0x00003928   Section        0  sqrt.o(i.__hardfp_sqrt)
    i.__ieee754_rem_pio2                     0x000039a8   Section        0  rred.o(i.__ieee754_rem_pio2)
    i.__kernel_cos                           0x00003e00   Section        0  cos_i.o(i.__kernel_cos)
    i.__kernel_poly                          0x00003f70   Section        0  poly.o(i.__kernel_poly)
    i.__kernel_sin                           0x00004068   Section        0  sin_i.o(i.__kernel_sin)
    i.__mathlib_dbl_underflow                0x00004198   Section        0  dunder.o(i.__mathlib_dbl_underflow)
    i.__mathlib_narrow                       0x000041b8   Section        0  narrow.o(i.__mathlib_narrow)
    i.__support_ldexp                        0x00004270   Section        0  ldexp.o(i.__support_ldexp)
    i._is_digit                              0x00004284   Section        0  scanf_fp.o(i._is_digit)
    i.fabs                                   0x00004292   Section        0  fabs.o(i.fabs)
    i.frexp                                  0x000042b8   Section        0  frexp.o(i.frexp)
    i.sqrt                                   0x00004354   Section        0  sqrt.o(i.sqrt)
    locale$$code                             0x000043c4   Section       44  lc_numeric_c.o(locale$$code)
    locale$$code                             0x000043f0   Section       44  lc_ctype_c.o(locale$$code)
    x$fpl$basic                              0x0000441c   Section       24  basic.o(x$fpl$basic)
    $v0                                      0x0000441c   Number         0  basic.o(x$fpl$basic)
    x$fpl$d2f                                0x00004434   Section       98  d2f.o(x$fpl$d2f)
    $v0                                      0x00004434   Number         0  d2f.o(x$fpl$d2f)
    x$fpl$dadd                               0x00004498   Section      336  daddsub_clz.o(x$fpl$dadd)
    $v0                                      0x00004498   Number         0  daddsub_clz.o(x$fpl$dadd)
    _dadd1                                   0x000044a9   Thumb Code     0  daddsub_clz.o(x$fpl$dadd)
    x$fpl$dcheck1                            0x000045e8   Section       16  dcheck1.o(x$fpl$dcheck1)
    $v0                                      0x000045e8   Number         0  dcheck1.o(x$fpl$dcheck1)
    x$fpl$dcmpinf                            0x000045f8   Section       24  dcmpi.o(x$fpl$dcmpinf)
    $v0                                      0x000045f8   Number         0  dcmpi.o(x$fpl$dcmpinf)
    x$fpl$ddiv                               0x00004610   Section      688  ddiv.o(x$fpl$ddiv)
    $v0                                      0x00004610   Number         0  ddiv.o(x$fpl$ddiv)
    ddiv_entry                               0x00004617   Thumb Code     0  ddiv.o(x$fpl$ddiv)
    x$fpl$deqf                               0x000048c0   Section      120  deqf.o(x$fpl$deqf)
    $v0                                      0x000048c0   Number         0  deqf.o(x$fpl$deqf)
    x$fpl$dfix                               0x00004938   Section       94  dfix.o(x$fpl$dfix)
    $v0                                      0x00004938   Number         0  dfix.o(x$fpl$dfix)
    x$fpl$dflt                               0x00004996   Section       46  dflt_clz.o(x$fpl$dflt)
    $v0                                      0x00004996   Number         0  dflt_clz.o(x$fpl$dflt)
    x$fpl$dfltu                              0x000049c4   Section       38  dflt_clz.o(x$fpl$dfltu)
    $v0                                      0x000049c4   Number         0  dflt_clz.o(x$fpl$dfltu)
    x$fpl$dleqf                              0x000049ec   Section      120  dleqf.o(x$fpl$dleqf)
    $v0                                      0x000049ec   Number         0  dleqf.o(x$fpl$dleqf)
    x$fpl$dmul                               0x00004a64   Section      340  dmul.o(x$fpl$dmul)
    $v0                                      0x00004a64   Number         0  dmul.o(x$fpl$dmul)
    x$fpl$dnaninf                            0x00004bb8   Section      156  dnaninf.o(x$fpl$dnaninf)
    $v0                                      0x00004bb8   Number         0  dnaninf.o(x$fpl$dnaninf)
    x$fpl$dretinf                            0x00004c54   Section       12  dretinf.o(x$fpl$dretinf)
    $v0                                      0x00004c54   Number         0  dretinf.o(x$fpl$dretinf)
    x$fpl$drleqf                             0x00004c60   Section      108  drleqf.o(x$fpl$drleqf)
    $v0                                      0x00004c60   Number         0  drleqf.o(x$fpl$drleqf)
    x$fpl$drsb                               0x00004ccc   Section       22  daddsub_clz.o(x$fpl$drsb)
    $v0                                      0x00004ccc   Number         0  daddsub_clz.o(x$fpl$drsb)
    x$fpl$dsqrt                              0x00004ce4   Section      408  dsqrt_umaal.o(x$fpl$dsqrt)
    $v0                                      0x00004ce4   Number         0  dsqrt_umaal.o(x$fpl$dsqrt)
    x$fpl$dsub                               0x00004e7c   Section      468  daddsub_clz.o(x$fpl$dsub)
    $v0                                      0x00004e7c   Number         0  daddsub_clz.o(x$fpl$dsub)
    _dsub1                                   0x00004e8d   Thumb Code     0  daddsub_clz.o(x$fpl$dsub)
    x$fpl$f2d                                0x00005050   Section       86  f2d.o(x$fpl$f2d)
    $v0                                      0x00005050   Number         0  f2d.o(x$fpl$f2d)
    x$fpl$fnaninf                            0x000050a6   Section      140  fnaninf.o(x$fpl$fnaninf)
    $v0                                      0x000050a6   Number         0  fnaninf.o(x$fpl$fnaninf)
    x$fpl$fpinit                             0x00005132   Section       10  fpinit.o(x$fpl$fpinit)
    $v0                                      0x00005132   Number         0  fpinit.o(x$fpl$fpinit)
    x$fpl$fretinf                            0x0000513c   Section       10  fretinf.o(x$fpl$fretinf)
    $v0                                      0x0000513c   Number         0  fretinf.o(x$fpl$fretinf)
    x$fpl$retnan                             0x00005146   Section      100  retnan.o(x$fpl$retnan)
    $v0                                      0x00005146   Number         0  retnan.o(x$fpl$retnan)
    x$fpl$scalbn                             0x000051aa   Section       92  scalbn.o(x$fpl$scalbn)
    $v0                                      0x000051aa   Number         0  scalbn.o(x$fpl$scalbn)
    x$fpl$scanf1                             0x00005206   Section        4  scanf1.o(x$fpl$scanf1)
    $v0                                      0x00005206   Number         0  scanf1.o(x$fpl$scanf1)
    x$fpl$scanf2                             0x0000520a   Section        8  scanf2.o(x$fpl$scanf2)
    $v0                                      0x0000520a   Number         0  scanf2.o(x$fpl$scanf2)
    x$fpl$trapveneer                         0x00005212   Section       48  trapv.o(x$fpl$trapveneer)
    $v0                                      0x00005212   Number         0  trapv.o(x$fpl$trapveneer)
    x$fpl$usenofp                            0x00005242   Section        0  usenofp.o(x$fpl$usenofp)
    .constdata                               0x00005248   Section       80  asin.o(.constdata)
    pS                                       0x00005248   Data          48  asin.o(.constdata)
    qS                                       0x00005278   Data          32  asin.o(.constdata)
    .constdata                               0x00005298   Section      136  pow.o(.constdata)
    bp                                       0x00005298   Data          16  pow.o(.constdata)
    dp_h                                     0x000052a8   Data          16  pow.o(.constdata)
    dp_l                                     0x000052b8   Data          16  pow.o(.constdata)
    L                                        0x000052c8   Data          48  pow.o(.constdata)
    P                                        0x000052f8   Data          40  pow.o(.constdata)
    .constdata                               0x00005320   Section       48  cos_i.o(.constdata)
    C                                        0x00005320   Data          48  cos_i.o(.constdata)
    .constdata                               0x00005350   Section        8  qnan.o(.constdata)
    .constdata                               0x00005358   Section      200  rred.o(.constdata)
    pio2s                                    0x00005358   Data          48  rred.o(.constdata)
    twooverpi                                0x00005388   Data         152  rred.o(.constdata)
    .constdata                               0x00005420   Section       40  sin_i.o(.constdata)
    S                                        0x00005420   Data          40  sin_i.o(.constdata)
    .constdata                               0x00005448   Section      148  bigflt0.o(.constdata)
    tenpwrs_x                                0x00005448   Data          60  bigflt0.o(.constdata)
    tenpwrs_i                                0x00005484   Data          64  bigflt0.o(.constdata)
    c$$dinf                                  0x000054fc   Section        8  fpconst.o(c$$dinf)
    locale$$data                             0x00005504   Section       28  lc_numeric_c.o(locale$$data)
    __lcnum_c_name                           0x00005508   Data           2  lc_numeric_c.o(locale$$data)
    __lcnum_c_start                          0x00005510   Data           0  lc_numeric_c.o(locale$$data)
    __lcnum_c_point                          0x0000551c   Data           0  lc_numeric_c.o(locale$$data)
    __lcnum_c_thousands                      0x0000551e   Data           0  lc_numeric_c.o(locale$$data)
    __lcnum_c_grouping                       0x0000551f   Data           0  lc_numeric_c.o(locale$$data)
    locale$$data                             0x00005520   Section      272  lc_ctype_c.o(locale$$data)
    __lcnum_c_end                            0x00005520   Data           0  lc_numeric_c.o(locale$$data)
    __lcctype_c_name                         0x00005524   Data           2  lc_ctype_c.o(locale$$data)
    __lcctype_c_start                        0x0000552c   Data           0  lc_ctype_c.o(locale$$data)
    __lcctype_c_end                          0x00005630   Data           0  lc_ctype_c.o(locale$$data)
    .data                                    0x20000000   Section       88  main.o(.data)
    .bss                                     0x20000058   Section      300  main.o(.bss)
    .bss                                     0x20000184   Section       96  libspace.o(.bss)
    HEAP                                     0x200001e8   Section        0  startup_tm4c123.o(HEAP)
    STACK                                    0x200001e8   Section      512  startup_tm4c123.o(STACK)
    Heap_Mem                                 0x200001e8   Data           0  startup_tm4c123.o(HEAP)
    Stack_Mem                                0x200001e8   Data         512  startup_tm4c123.o(STACK)
    __initial_sp                             0x200003e8   Data           0  startup_tm4c123.o(STACK)

    Global Symbols

    Symbol Name                              Value     Ov Type        Size  Object(Section)

    BuildAttributes$$THM_ISAv4$E$P$D$K$B$S$7EM$VFPi3$EXTD16$VFPS$VFMA$PE$A:L22UL41UL21$X:L11$S22US41US21$IEEE1$IW$USESV6$~STKCKD$USESV7$~SHL$OTIME$ROPI$IEEEX$EBA8$UX$STANDARDLIB$REQ8$PRES8$EABIv2 0x00000000   Number         0  anon$$obj.o ABSOLUTE
    __ARM_use_no_argv                        0x00000000   Number         0  main.o ABSOLUTE
    __Vectors                                0x00000000   Data           4  startup_tm4c123.o(RESET)
    __ARM_exceptions_init                     - Undefined Weak Reference
    __alloca_initialize                       - Undefined Weak Reference
    __cpp_initialize__aeabi_                  - Undefined Weak Reference
    __cxa_finalize                            - Undefined Weak Reference
    __sigvec_lookup                           - Undefined Weak Reference
    _atexit_init                              - Undefined Weak Reference
    _call_atexit_fns                          - Undefined Weak Reference
    _clock_init                               - Undefined Weak Reference
    _fp_trap_init                             - Undefined Weak Reference
    _fp_trap_shutdown                         - Undefined Weak Reference
    _get_lc_collate                           - Undefined Weak Reference
    _get_lc_monetary                          - Undefined Weak Reference
    _get_lc_time                              - Undefined Weak Reference
    _getenv_init                              - Undefined Weak Reference
    _handle_redirection                       - Undefined Weak Reference
    _init_alloc                               - Undefined Weak Reference
    _init_user_alloc                          - Undefined Weak Reference
    _initio                                   - Undefined Weak Reference
    _rand_init                                - Undefined Weak Reference
    _signal_finish                            - Undefined Weak Reference
    _signal_init                              - Undefined Weak Reference
    _terminate_alloc                          - Undefined Weak Reference
    _terminate_user_alloc                     - Undefined Weak Reference
    _terminateio                              - Undefined Weak Reference
    __Vectors_End                            0x0000026c   Data           0  startup_tm4c123.o(RESET)
    __Vectors_Size                           0x0000026c   Number         0  startup_tm4c123.o ABSOLUTE
    __main                                   0x0000026d   Thumb Code     8  __main.o(!!!main)
    __scatterload                            0x00000275   Thumb Code     0  __scatter.o(!!!scatter)
    __scatterload_rt2                        0x00000275   Thumb Code    44  __scatter.o(!!!scatter)
    __scatterload_rt2_thumb_only             0x00000275   Thumb Code     0  __scatter.o(!!!scatter)
    __scatterload_null                       0x00000283   Thumb Code     0  __scatter.o(!!!scatter)
    __scatterload_copy                       0x000002a9   Thumb Code    26  __scatter_copy.o(!!handler_copy)
    __scatterload_zeroinit                   0x000002c5   Thumb Code    28  __scatter_zi.o(!!handler_zi)
    __rt_lib_init                            0x000002e1   Thumb Code     0  libinit.o(.ARM.Collect$$libinit$$00000000)
    __rt_lib_init_fp_1                       0x000002e3   Thumb Code     0  libinit2.o(.ARM.Collect$$libinit$$00000001)
    __rt_lib_init_heap_1                     0x000002e7   Thumb Code     0  libinit2.o(.ARM.Collect$$libinit$$00000008)
    __rt_lib_init_lc_common                  0x000002e7   Thumb Code     0  libinit2.o(.ARM.Collect$$libinit$$0000000D)
    __rt_lib_init_rand_1                     0x000002e7   Thumb Code     0  libinit2.o(.ARM.Collect$$libinit$$0000000C)
    __rt_lib_init_user_alloc_1               0x000002e7   Thumb Code     0  libinit2.o(.ARM.Collect$$libinit$$0000000A)
    __rt_lib_init_lc_collate_1               0x000002ed   Thumb Code     0  libinit2.o(.ARM.Collect$$libinit$$0000000F)
    __rt_lib_init_lc_ctype_2                 0x000002ed   Thumb Code     0  libinit2.o(.ARM.Collect$$libinit$$00000010)
    __rt_lib_init_lc_ctype_1                 0x000002f9   Thumb Code     0  libinit2.o(.ARM.Collect$$libinit$$00000011)
    __rt_lib_init_lc_monetary_1              0x000002f9   Thumb Code     0  libinit2.o(.ARM.Collect$$libinit$$00000013)
    __rt_lib_init_lc_numeric_2               0x000002f9   Thumb Code     0  libinit2.o(.ARM.Collect$$libinit$$00000014)
    __rt_lib_init_alloca_1                   0x00000303   Thumb Code     0  libinit2.o(.ARM.Collect$$libinit$$0000002C)
    __rt_lib_init_argv_1                     0x00000303   Thumb Code     0  libinit2.o(.ARM.Collect$$libinit$$0000002A)
    __rt_lib_init_atexit_1                   0x00000303   Thumb Code     0  libinit2.o(.ARM.Collect$$libinit$$00000019)
    __rt_lib_init_clock_1                    0x00000303   Thumb Code     0  libinit2.o(.ARM.Collect$$libinit$$0000001F)
    __rt_lib_init_cpp_1                      0x00000303   Thumb Code     0  libinit2.o(.ARM.Collect$$libinit$$00000030)
    __rt_lib_init_exceptions_1               0x00000303   Thumb Code     0  libinit2.o(.ARM.Collect$$libinit$$0000002E)
    __rt_lib_init_fp_trap_1                  0x00000303   Thumb Code     0  libinit2.o(.ARM.Collect$$libinit$$0000001D)
    __rt_lib_init_getenv_1                   0x00000303   Thumb Code     0  libinit2.o(.ARM.Collect$$libinit$$00000021)
    __rt_lib_init_lc_numeric_1               0x00000303   Thumb Code     0  libinit2.o(.ARM.Collect$$libinit$$00000015)
    __rt_lib_init_lc_time_1                  0x00000303   Thumb Code     0  libinit2.o(.ARM.Collect$$libinit$$00000017)
    __rt_lib_init_return                     0x00000303   Thumb Code     0  libinit2.o(.ARM.Collect$$libinit$$00000031)
    __rt_lib_init_signal_1                   0x00000303   Thumb Code     0  libinit2.o(.ARM.Collect$$libinit$$0000001B)
    __rt_lib_init_stdio_1                    0x00000303   Thumb Code     0  libinit2.o(.ARM.Collect$$libinit$$00000023)
    __rt_lib_shutdown                        0x00000305   Thumb Code     0  libshutdown.o(.ARM.Collect$$libshutdown$$00000000)
    __rt_lib_shutdown_fp_trap_1              0x00000307   Thumb Code     0  libshutdown2.o(.ARM.Collect$$libshutdown$$00000006)
    __rt_lib_shutdown_heap_1                 0x00000307   Thumb Code     0  libshutdown2.o(.ARM.Collect$$libshutdown$$0000000E)
    __rt_lib_shutdown_return                 0x00000307   Thumb Code     0  libshutdown2.o(.ARM.Collect$$libshutdown$$0000000F)
    __rt_lib_shutdown_signal_1               0x00000307   Thumb Code     0  libshutdown2.o(.ARM.Collect$$libshutdown$$00000009)
    __rt_lib_shutdown_stdio_1                0x00000307   Thumb Code     0  libshutdown2.o(.ARM.Collect$$libshutdown$$00000003)
    __rt_lib_shutdown_user_alloc_1           0x00000307   Thumb Code     0  libshutdown2.o(.ARM.Collect$$libshutdown$$0000000B)
    __rt_entry                               0x00000309   Thumb Code     0  rtentry.o(.ARM.Collect$$rtentry$$00000000)
    __rt_entry_presh_1                       0x00000309   Thumb Code     0  rtentry2.o(.ARM.Collect$$rtentry$$00000002)
    __rt_entry_sh                            0x00000309   Thumb Code     0  rtentry4.o(.ARM.Collect$$rtentry$$00000004)
    __rt_entry_li                            0x0000030f   Thumb Code     0  rtentry2.o(.ARM.Collect$$rtentry$$0000000A)
    __rt_entry_postsh_1                      0x0000030f   Thumb Code     0  rtentry2.o(.ARM.Collect$$rtentry$$00000009)
    __rt_entry_main                          0x00000313   Thumb Code     0  rtentry2.o(.ARM.Collect$$rtentry$$0000000D)
    __rt_entry_postli_1                      0x00000313   Thumb Code     0  rtentry2.o(.ARM.Collect$$rtentry$$0000000C)
    __rt_exit                                0x0000031b   Thumb Code     0  rtexit.o(.ARM.Collect$$rtexit$$00000000)
    __rt_exit_ls                             0x0000031d   Thumb Code     0  rtexit2.o(.ARM.Collect$$rtexit$$00000003)
    __rt_exit_prels_1                        0x0000031d   Thumb Code     0  rtexit2.o(.ARM.Collect$$rtexit$$00000002)
    __rt_exit_exit                           0x00000321   Thumb Code     0  rtexit2.o(.ARM.Collect$$rtexit$$00000004)
    Reset_Handler                            0x00000329   Thumb Code     4  startup_tm4c123.o(.text)
    NMI_Handler                              0x0000032d   Thumb Code     2  startup_tm4c123.o(.text)
    HardFault_Handler                        0x0000032f   Thumb Code     2  startup_tm4c123.o(.text)
    MemManage_Handler                        0x00000331   Thumb Code     2  startup_tm4c123.o(.text)
    BusFault_Handler                         0x00000333   Thumb Code     2  startup_tm4c123.o(.text)
    UsageFault_Handler                       0x00000335   Thumb Code     2  startup_tm4c123.o(.text)
    SVC_Handler                              0x00000337   Thumb Code     2  startup_tm4c123.o(.text)
    DebugMon_Handler                         0x00000339   Thumb Code     2  startup_tm4c123.o(.text)
    PendSV_Handler                           0x0000033b   Thumb Code     2  startup_tm4c123.o(.text)
    SysTick_Handler                          0x0000033d   Thumb Code     2  startup_tm4c123.o(.text)
    GPIOA_Handler                            0x0000033f   Thumb Code     2  startup_tm4c123.o(.text)
    GPIOB_Handler                            0x00000341   Thumb Code     2  startup_tm4c123.o(.text)
    GPIOC_Handler                            0x00000343   Thumb Code     2  startup_tm4c123.o(.text)
    GPIOD_Handler                            0x00000345   Thumb Code     2  startup_tm4c123.o(.text)
    GPIOE_Handler                            0x00000347   Thumb Code     2  startup_tm4c123.o(.text)
    UART0_Handler                            0x00000349   Thumb Code     2  startup_tm4c123.o(.text)
    UART1_Handler                            0x0000034b   Thumb Code     2  startup_tm4c123.o(.text)
    SSI0_Handler                             0x0000034d   Thumb Code     2  startup_tm4c123.o(.text)
    I2C0_Handler                             0x0000034f   Thumb Code     2  startup_tm4c123.o(.text)
    PMW0_FAULT_Handler                       0x00000351   Thumb Code     2  startup_tm4c123.o(.text)
    PWM0_0_Handler                           0x00000353   Thumb Code     2  startup_tm4c123.o(.text)
    PWM0_1_Handler                           0x00000355   Thumb Code     2  startup_tm4c123.o(.text)
    PWM0_2_Handler                           0x00000357   Thumb Code     2  startup_tm4c123.o(.text)
    QEI0_Handler                             0x00000359   Thumb Code     2  startup_tm4c123.o(.text)
    ADC0SS0_Handler                          0x0000035b   Thumb Code     2  startup_tm4c123.o(.text)
    ADC0SS1_Handler                          0x0000035d   Thumb Code     2  startup_tm4c123.o(.text)
    ADC0SS2_Handler                          0x0000035f   Thumb Code     2  startup_tm4c123.o(.text)
    ADC0SS3_Handler                          0x00000361   Thumb Code     2  startup_tm4c123.o(.text)
    WDT0_Handler                             0x00000363   Thumb Code     2  startup_tm4c123.o(.text)
    TIMER0A_Handler                          0x00000365   Thumb Code     2  startup_tm4c123.o(.text)
    TIMER0B_Handler                          0x00000367   Thumb Code     2  startup_tm4c123.o(.text)
    TIMER1A_Handler                          0x00000369   Thumb Code     2  startup_tm4c123.o(.text)
    TIMER1B_Handler                          0x0000036b   Thumb Code     2  startup_tm4c123.o(.text)
    TIMER2A_Handler                          0x0000036d   Thumb Code     2  startup_tm4c123.o(.text)
    TIMER2B_Handler                          0x0000036f   Thumb Code     2  startup_tm4c123.o(.text)
    COMP0_Handler                            0x00000371   Thumb Code     2  startup_tm4c123.o(.text)
    COMP1_Handler                            0x00000373   Thumb Code     2  startup_tm4c123.o(.text)
    COMP2_Handler                            0x00000375   Thumb Code     2  startup_tm4c123.o(.text)
    SYSCTL_Handler                           0x00000377   Thumb Code     2  startup_tm4c123.o(.text)
    FLASH_Handler                            0x00000379   Thumb Code     2  startup_tm4c123.o(.text)
    GPIOF_Handler                            0x0000037b   Thumb Code     2  startup_tm4c123.o(.text)
    GPIOG_Handler                            0x0000037d   Thumb Code     2  startup_tm4c123.o(.text)
    GPIOH_Handler                            0x0000037f   Thumb Code     2  startup_tm4c123.o(.text)
    UART2_Handler                            0x00000381   Thumb Code     2  startup_tm4c123.o(.text)
    SSI1_Handler                             0x00000383   Thumb Code     2  startup_tm4c123.o(.text)
    TIMER3A_Handler                          0x00000385   Thumb Code     2  startup_tm4c123.o(.text)
    TIMER3B_Handler                          0x00000387   Thumb Code     2  startup_tm4c123.o(.text)
    I2C1_Handler                             0x00000389   Thumb Code     2  startup_tm4c123.o(.text)
    QEI1_Handler                             0x0000038b   Thumb Code     2  startup_tm4c123.o(.text)
    CAN0_Handler                             0x0000038d   Thumb Code     2  startup_tm4c123.o(.text)
    CAN1_Handler                             0x0000038f   Thumb Code     2  startup_tm4c123.o(.text)
    CAN2_Handler                             0x00000391   Thumb Code     2  startup_tm4c123.o(.text)
    HIB_Handler                              0x00000393   Thumb Code     2  startup_tm4c123.o(.text)
    USB0_Handler                             0x00000395   Thumb Code     2  startup_tm4c123.o(.text)
    PWM0_3_Handler                           0x00000397   Thumb Code     2  startup_tm4c123.o(.text)
    UDMA_Handler                             0x00000399   Thumb Code     2  startup_tm4c123.o(.text)
    UDMAERR_Handler                          0x0000039b   Thumb Code     2  startup_tm4c123.o(.text)
    ADC1SS0_Handler                          0x0000039d   Thumb Code     2  startup_tm4c123.o(.text)
    ADC1SS1_Handler                          0x0000039f   Thumb Code     2  startup_tm4c123.o(.text)
    ADC1SS2_Handler                          0x000003a1   Thumb Code     2  startup_tm4c123.o(.text)
    ADC1SS3_Handler                          0x000003a3   Thumb Code     2  startup_tm4c123.o(.text)
    GPIOJ_Handler                            0x000003a5   Thumb Code     2  startup_tm4c123.o(.text)
    GPIOK_Handler                            0x000003a7   Thumb Code     2  startup_tm4c123.o(.text)
    GPIOL_Handler                            0x000003a9   Thumb Code     2  startup_tm4c123.o(.text)
    SSI2_Handler                             0x000003ab   Thumb Code     2  startup_tm4c123.o(.text)
    SSI3_Handler                             0x000003ad   Thumb Code     2  startup_tm4c123.o(.text)
    UART3_Handler                            0x000003af   Thumb Code     2  startup_tm4c123.o(.text)
    UART4_Handler                            0x000003b1   Thumb Code     2  startup_tm4c123.o(.text)
    UART5_Handler                            0x000003b3   Thumb Code     2  startup_tm4c123.o(.text)
    UART6_Handler                            0x000003b5   Thumb Code     2  startup_tm4c123.o(.text)
    UART7_Handler                            0x000003b7   Thumb Code     2  startup_tm4c123.o(.text)
    I2C2_Handler                             0x000003b9   Thumb Code     2  startup_tm4c123.o(.text)
    I2C3_Handler                             0x000003bb   Thumb Code     2  startup_tm4c123.o(.text)
    TIMER4A_Handler                          0x000003bd   Thumb Code     2  startup_tm4c123.o(.text)
    TIMER4B_Handler                          0x000003bf   Thumb Code     2  startup_tm4c123.o(.text)
    TIMER5A_Handler                          0x000003c1   Thumb Code     2  startup_tm4c123.o(.text)
    TIMER5B_Handler                          0x000003c3   Thumb Code     2  startup_tm4c123.o(.text)
    WTIMER0A_Handler                         0x000003c5   Thumb Code     2  startup_tm4c123.o(.text)
    WTIMER0B_Handler                         0x000003c7   Thumb Code     2  startup_tm4c123.o(.text)
    WTIMER1A_Handler                         0x000003c9   Thumb Code     2  startup_tm4c123.o(.text)
    WTIMER1B_Handler                         0x000003cb   Thumb Code     2  startup_tm4c123.o(.text)
    WTIMER2A_Handler                         0x000003cd   Thumb Code     2  startup_tm4c123.o(.text)
    WTIMER2B_Handler                         0x000003cf   Thumb Code     2  startup_tm4c123.o(.text)
    WTIMER3A_Handler                         0x000003d1   Thumb Code     2  startup_tm4c123.o(.text)
    WTIMER3B_Handler                         0x000003d3   Thumb Code     2  startup_tm4c123.o(.text)
    WTIMER4A_Handler                         0x000003d5   Thumb Code     2  startup_tm4c123.o(.text)
    WTIMER4B_Handler                         0x000003d7   Thumb Code     2  startup_tm4c123.o(.text)
    WTIMER5A_Handler                         0x000003d9   Thumb Code     2  startup_tm4c123.o(.text)
    WTIMER5B_Handler                         0x000003db   Thumb Code     2  startup_tm4c123.o(.text)
    FPU_Handler                              0x000003dd   Thumb Code     2  startup_tm4c123.o(.text)
    I2C4_Handler                             0x000003df   Thumb Code     2  startup_tm4c123.o(.text)
    I2C5_Handler                             0x000003e1   Thumb Code     2  startup_tm4c123.o(.text)
    GPIOM_Handler                            0x000003e3   Thumb Code     2  startup_tm4c123.o(.text)
    GPION_Handler                            0x000003e5   Thumb Code     2  startup_tm4c123.o(.text)
    QEI2_Handler                             0x000003e7   Thumb Code     2  startup_tm4c123.o(.text)
    GPIOP0_Handler                           0x000003e9   Thumb Code     2  startup_tm4c123.o(.text)
    GPIOP1_Handler                           0x000003eb   Thumb Code     2  startup_tm4c123.o(.text)
    GPIOP2_Handler                           0x000003ed   Thumb Code     2  startup_tm4c123.o(.text)
    GPIOP3_Handler                           0x000003ef   Thumb Code     2  startup_tm4c123.o(.text)
    GPIOP4_Handler                           0x000003f1   Thumb Code     2  startup_tm4c123.o(.text)
    GPIOP5_Handler                           0x000003f3   Thumb Code     2  startup_tm4c123.o(.text)
    GPIOP6_Handler                           0x000003f5   Thumb Code     2  startup_tm4c123.o(.text)
    GPIOP7_Handler                           0x000003f7   Thumb Code     2  startup_tm4c123.o(.text)
    GPIOQ0_Handler                           0x000003f9   Thumb Code     2  startup_tm4c123.o(.text)
    GPIOQ1_Handler                           0x000003fb   Thumb Code     2  startup_tm4c123.o(.text)
    GPIOQ2_Handler                           0x000003fd   Thumb Code     2  startup_tm4c123.o(.text)
    GPIOQ3_Handler                           0x000003ff   Thumb Code     2  startup_tm4c123.o(.text)
    GPIOQ4_Handler                           0x00000401   Thumb Code     2  startup_tm4c123.o(.text)
    GPIOQ5_Handler                           0x00000403   Thumb Code     2  startup_tm4c123.o(.text)
    GPIOQ6_Handler                           0x00000405   Thumb Code     2  startup_tm4c123.o(.text)
    GPIOQ7_Handler                           0x00000407   Thumb Code     2  startup_tm4c123.o(.text)
    GPIOR_Handler                            0x00000409   Thumb Code     2  startup_tm4c123.o(.text)
    GPIOS_Handler                            0x0000040b   Thumb Code     2  startup_tm4c123.o(.text)
    PMW1_0_Handler                           0x0000040d   Thumb Code     2  startup_tm4c123.o(.text)
    PWM1_1_Handler                           0x0000040f   Thumb Code     2  startup_tm4c123.o(.text)
    PWM1_2_Handler                           0x00000411   Thumb Code     2  startup_tm4c123.o(.text)
    PWM1_3_Handler                           0x00000413   Thumb Code     2  startup_tm4c123.o(.text)
    PWM1_FAULT_Handler                       0x00000415   Thumb Code     2  startup_tm4c123.o(.text)
    __user_initial_stackheap                 0x00000419   Thumb Code     0  startup_tm4c123.o(.text)
    UART0_write                              0x00000435   Thumb Code    18  main.o(.text)
    printStr                                 0x00000447   Thumb Code    30  main.o(.text)
    reverse                                  0x00000465   Thumb Code    28  main.o(.text)
    intToStr                                 0x00000481   Thumb Code    72  main.o(.text)
    ftoa                                     0x000004c9   Thumb Code   182  main.o(.text)
    printflo                                 0x0000057f   Thumb Code    38  main.o(.text)
    delta                                    0x000005a5   Thumb Code   436  main.o(.text)
    torad                                    0x00000759   Thumb Code    46  main.o(.text)
    substring                                0x00000787   Thumb Code    24  main.o(.text)
    parse                                    0x0000079f   Thumb Code   206  main.o(.text)
    getCoordinates                           0x0000086d   Thumb Code   204  main.o(.text)
    UART2_read                               0x00000939   Thumb Code    20  main.o(.text)
    getCommand                               0x0000094d   Thumb Code    34  main.o(.text)
    input_latlong                            0x0000096f   Thumb Code   134  main.o(.text)
    PortF_Init                               0x000009f5   Thumb Code   116  main.o(.text)
    UART2_Init                               0x00000a69   Thumb Code   144  main.o(.text)
    UART0_Init                               0x00000af9   Thumb Code   112  main.o(.text)
    FPUEnable                                0x00000b69   Thumb Code    14  main.o(.text)
    main                                     0x00000b77   Thumb Code   830  main.o(.text)
    atoi                                     0x00000fa5   Thumb Code    26  atoi.o(.text)
    strlen                                   0x00000fbf   Thumb Code    62  strlen.o(.text)
    __aeabi_memclr                           0x00000ffd   Thumb Code     0  rt_memclr.o(.text)
    __rt_memclr                              0x00000ffd   Thumb Code    68  rt_memclr.o(.text)
    _memset                                  0x00001001   Thumb Code     0  rt_memclr.o(.text)
    strcmp                                   0x00001041   Thumb Code   128  strcmpv7m.o(.text)
    __use_two_region_memory                  0x000010c1   Thumb Code     2  heapauxi.o(.text)
    __rt_heap_escrow$2region                 0x000010c3   Thumb Code     2  heapauxi.o(.text)
    __rt_heap_expand$2region                 0x000010c5   Thumb Code     2  heapauxi.o(.text)
    __aeabi_errno_addr                       0x000010c9   Thumb Code     8  rt_errno_addr_intlibspace.o(.text)
    __errno$intlibspace                      0x000010c9   Thumb Code     0  rt_errno_addr_intlibspace.o(.text)
    __rt_errno_addr$intlibspace              0x000010c9   Thumb Code     0  rt_errno_addr_intlibspace.o(.text)
    __read_errno                             0x000010d1   Thumb Code    10  _rserrno.o(.text)
    __set_errno                              0x000010db   Thumb Code    12  _rserrno.o(.text)
    __strtod_int                             0x00001125   Thumb Code    88  strtod.o(.text)
    strtol                                   0x00001189   Thumb Code   112  strtol.o(.text)
    __aeabi_memclr4                          0x000011f9   Thumb Code     0  rt_memclr_w.o(.text)
    __aeabi_memclr8                          0x000011f9   Thumb Code     0  rt_memclr_w.o(.text)
    __rt_memclr_w                            0x000011f9   Thumb Code    78  rt_memclr_w.o(.text)
    _memset_w                                0x000011fd   Thumb Code     0  rt_memclr_w.o(.text)
    __user_libspace                          0x00001249   Thumb Code     8  libspace.o(.text)
    __user_perproc_libspace                  0x00001249   Thumb Code     0  libspace.o(.text)
    __user_perthread_libspace                0x00001249   Thumb Code     0  libspace.o(.text)
    __rt_ctype_table                         0x00001251   Thumb Code    16  rt_ctype_table.o(.text)
    isspace                                  0x00001261   Thumb Code    18  isspace.o(.text)
    _sgetc                                   0x00001273   Thumb Code    30  _sgetc.o(.text)
    _sbackspace                              0x00001291   Thumb Code    34  _sgetc.o(.text)
    _strtoul                                 0x000012b3   Thumb Code   158  _strtoul.o(.text)
    __user_setup_stackheap                   0x00001351   Thumb Code    74  sys_stackheap_outer.o(.text)
    __rt_locale                              0x0000139d   Thumb Code     8  rt_locale_intlibspace.o(.text)
    _chval                                   0x000013a5   Thumb Code    28  _chval.o(.text)
    _scanf_really_real                       0x000015b9   Thumb Code   672  scanf_fp.o(.text)
    exit                                     0x00001865   Thumb Code    12  exit.o(.text)
    _btod_etento                             0x00001871   Thumb Code   222  bigflt0.o(.text)
    _scanf_really_hex_real                   0x00001955   Thumb Code   776  scanf_hexfp.o(.text)
    _scanf_really_infnan                     0x00001c69   Thumb Code   298  scanf_infnan.o(.text)
    _sys_exit                                0x00001da5   Thumb Code     8  sys_exit.o(.text)
    __aeabi_llsl                             0x00001db1   Thumb Code     0  llshl.o(.text)
    _ll_shift_l                              0x00001db1   Thumb Code    38  llshl.o(.text)
    __I$use$semihosting                      0x00001dd7   Thumb Code     0  use_no_semi.o(.text)
    __use_no_semihosting_swi                 0x00001dd7   Thumb Code     2  use_no_semi.o(.text)
    __btod_div_common                        0x00001dd9   Thumb Code   696  btod.o(CL$$btod_div_common)
    __semihosting_library_function           0x00001dd9   Thumb Code     0  indicate_semi.o(.text)
    _e2d                                     0x00002111   Thumb Code    80  btod.o(CL$$btod_e2d)
    _e2e                                     0x00002165   Thumb Code   198  btod.o(CL$$btod_e2e)
    _btod_ediv                               0x0000222b   Thumb Code    40  btod.o(CL$$btod_ediv)
    _btod_edivd                              0x00002253   Thumb Code    40  btod.o(CL$$btod_edivd)
    _btod_emul                               0x0000227b   Thumb Code    40  btod.o(CL$$btod_emul)
    _btod_emuld                              0x000022a3   Thumb Code    40  btod.o(CL$$btod_emuld)
    __btod_mult_common                       0x000022cb   Thumb Code   580  btod.o(CL$$btod_mult_common)
    __ARM_fpclassify                         0x0000250f   Thumb Code    48  fpclassify.o(i.__ARM_fpclassify)
    __hardfp_asin                            0x00002541   Thumb Code   774  asin.o(i.__hardfp_asin)
    __hardfp_atof                            0x000028b1   Thumb Code    44  atof.o(i.__hardfp_atof)
    __hardfp_cos                             0x000028e9   Thumb Code   200  cos.o(i.__hardfp_cos)
    __hardfp_floor                           0x000029c1   Thumb Code   252  floor.o(i.__hardfp_floor)
    __hardfp_ldexp                           0x00002ad9   Thumb Code   216  ldexp.o(i.__hardfp_ldexp)
    __hardfp_pow                             0x00002bc1   Thumb Code  3132  pow.o(i.__hardfp_pow)
    __hardfp_sin                             0x00003851   Thumb Code   200  sin.o(i.__hardfp_sin)
    __hardfp_sqrt                            0x00003929   Thumb Code   122  sqrt.o(i.__hardfp_sqrt)
    __ieee754_rem_pio2                       0x000039a9   Thumb Code   972  rred.o(i.__ieee754_rem_pio2)
    __kernel_cos                             0x00003e01   Thumb Code   322  cos_i.o(i.__kernel_cos)
    __kernel_poly                            0x00003f71   Thumb Code   248  poly.o(i.__kernel_poly)
    __kernel_sin                             0x00004069   Thumb Code   280  sin_i.o(i.__kernel_sin)
    __mathlib_dbl_underflow                  0x00004199   Thumb Code    24  dunder.o(i.__mathlib_dbl_underflow)
    __mathlib_narrow                         0x000041b9   Thumb Code   166  narrow.o(i.__mathlib_narrow)
    __support_ldexp                          0x00004271   Thumb Code    20  ldexp.o(i.__support_ldexp)
    _is_digit                                0x00004285   Thumb Code    14  scanf_fp.o(i._is_digit)
    fabs                                     0x00004293   Thumb Code    32  fabs.o(i.fabs)
    frexp                                    0x000042b9   Thumb Code   134  frexp.o(i.frexp)
    sqrt                                     0x00004355   Thumb Code   110  sqrt.o(i.sqrt)
    _get_lc_numeric                          0x000043c5   Thumb Code    44  lc_numeric_c.o(locale$$code)
    _get_lc_ctype                            0x000043f1   Thumb Code    44  lc_ctype_c.o(locale$$code)
    __aeabi_dneg                             0x0000441d   Thumb Code     0  basic.o(x$fpl$basic)
    _dneg                                    0x0000441d   Thumb Code     6  basic.o(x$fpl$basic)
    __aeabi_fneg                             0x00004423   Thumb Code     0  basic.o(x$fpl$basic)
    _fneg                                    0x00004423   Thumb Code     6  basic.o(x$fpl$basic)
    _dabs                                    0x00004429   Thumb Code     6  basic.o(x$fpl$basic)
    _fabs                                    0x0000442f   Thumb Code     6  basic.o(x$fpl$basic)
    __aeabi_d2f                              0x00004435   Thumb Code     0  d2f.o(x$fpl$d2f)
    _d2f                                     0x00004435   Thumb Code    98  d2f.o(x$fpl$d2f)
    __aeabi_dadd                             0x00004499   Thumb Code     0  daddsub_clz.o(x$fpl$dadd)
    _dadd                                    0x00004499   Thumb Code   332  daddsub_clz.o(x$fpl$dadd)
    __fpl_dcheck_NaN1                        0x000045e9   Thumb Code    10  dcheck1.o(x$fpl$dcheck1)
    __fpl_dcmp_Inf                           0x000045f9   Thumb Code    24  dcmpi.o(x$fpl$dcmpinf)
    __aeabi_ddiv                             0x00004611   Thumb Code     0  ddiv.o(x$fpl$ddiv)
    _ddiv                                    0x00004611   Thumb Code   552  ddiv.o(x$fpl$ddiv)
    __aeabi_cdcmpeq                          0x000048c1   Thumb Code     0  deqf.o(x$fpl$deqf)
    _dcmpeq                                  0x000048c1   Thumb Code   120  deqf.o(x$fpl$deqf)
    __aeabi_d2iz                             0x00004939   Thumb Code     0  dfix.o(x$fpl$dfix)
    _dfix                                    0x00004939   Thumb Code    94  dfix.o(x$fpl$dfix)
    __aeabi_i2d                              0x00004997   Thumb Code     0  dflt_clz.o(x$fpl$dflt)
    _dflt                                    0x00004997   Thumb Code    46  dflt_clz.o(x$fpl$dflt)
    __aeabi_ui2d                             0x000049c5   Thumb Code     0  dflt_clz.o(x$fpl$dfltu)
    _dfltu                                   0x000049c5   Thumb Code    38  dflt_clz.o(x$fpl$dfltu)
    __aeabi_cdcmple                          0x000049ed   Thumb Code     0  dleqf.o(x$fpl$dleqf)
    _dcmple                                  0x000049ed   Thumb Code   120  dleqf.o(x$fpl$dleqf)
    __fpl_dcmple_InfNaN                      0x00004a4f   Thumb Code     0  dleqf.o(x$fpl$dleqf)
    __aeabi_dmul                             0x00004a65   Thumb Code     0  dmul.o(x$fpl$dmul)
    _dmul                                    0x00004a65   Thumb Code   332  dmul.o(x$fpl$dmul)
    __fpl_dnaninf                            0x00004bb9   Thumb Code   156  dnaninf.o(x$fpl$dnaninf)
    __fpl_dretinf                            0x00004c55   Thumb Code    12  dretinf.o(x$fpl$dretinf)
    __aeabi_cdrcmple                         0x00004c61   Thumb Code     0  drleqf.o(x$fpl$drleqf)
    _drcmple                                 0x00004c61   Thumb Code   108  drleqf.o(x$fpl$drleqf)
    __aeabi_drsub                            0x00004ccd   Thumb Code     0  daddsub_clz.o(x$fpl$drsb)
    _drsb                                    0x00004ccd   Thumb Code    22  daddsub_clz.o(x$fpl$drsb)
    _dsqrt                                   0x00004ce5   Thumb Code   404  dsqrt_umaal.o(x$fpl$dsqrt)
    __aeabi_dsub                             0x00004e7d   Thumb Code     0  daddsub_clz.o(x$fpl$dsub)
    _dsub                                    0x00004e7d   Thumb Code   464  daddsub_clz.o(x$fpl$dsub)
    __aeabi_f2d                              0x00005051   Thumb Code     0  f2d.o(x$fpl$f2d)
    _f2d                                     0x00005051   Thumb Code    86  f2d.o(x$fpl$f2d)
    __fpl_fnaninf                            0x000050a7   Thumb Code   140  fnaninf.o(x$fpl$fnaninf)
    _fp_init                                 0x00005133   Thumb Code    10  fpinit.o(x$fpl$fpinit)
    __fplib_config_fpu_vfp                   0x0000513b   Thumb Code     0  fpinit.o(x$fpl$fpinit)
    __fplib_config_pureend_doubles           0x0000513b   Thumb Code     0  fpinit.o(x$fpl$fpinit)
    __fpl_fretinf                            0x0000513d   Thumb Code    10  fretinf.o(x$fpl$fretinf)
    __fpl_return_NaN                         0x00005147   Thumb Code   100  retnan.o(x$fpl$retnan)
    __ARM_scalbn                             0x000051ab   Thumb Code    92  scalbn.o(x$fpl$scalbn)
    _scanf_real                              0x00005207   Thumb Code     4  scanf1.o(x$fpl$scanf1)
    _scanf_hex_real                          0x0000520b   Thumb Code     4  scanf2.o(x$fpl$scanf2)
    _scanf_infnan                            0x0000520f   Thumb Code     4  scanf2.o(x$fpl$scanf2)
    __fpl_cmpreturn                          0x00005213   Thumb Code    48  trapv.o(x$fpl$trapveneer)
    __I$use$fp                               0x00005242   Number         0  usenofp.o(x$fpl$usenofp)
    __mathlib_zero                           0x00005350   Data           8  qnan.o(.constdata)
    Region$$Table$$Base                      0x000054dc   Number         0  anon$$obj.o(Region$$Table)
    Region$$Table$$Limit                     0x000054fc   Number         0  anon$$obj.o(Region$$Table)
    __aeabi_HUGE_VAL                         0x000054fc   Data           0  fpconst.o(c$$dinf)
    __aeabi_HUGE_VALL                        0x000054fc   Data           0  fpconst.o(c$$dinf)
    __aeabi_INFINITY                         0x000054fc   Data           0  fpconst.o(c$$dinf)
    __dInf                                   0x000054fc   Data           0  fpconst.o(c$$dinf)
    __huge_val                               0x000054fc   Data           0  fpconst.o(c$$dinf)
    __ctype                                  0x0000552d   Data           0  lc_ctype_c.o(locale$$data)
    DELTA_ERROR                              0x20000000   Data           4  main.o(.data)
    GPS_ERROR                                0x20000004   Data           4  main.o(.data)
    flag                                     0x20000008   Data           4  main.o(.data)
    len                                      0x2000000c   Data           4  main.o(.data)
    first                                    0x20000010   Data           4  main.o(.data)
    lat_coordinate                           0x20000014   Data           4  main.o(.data)
    long_coordinate                          0x20000018   Data           4  main.o(.data)
    lat_deg                                  0x2000001c   Data           4  main.o(.data)
    long_deg                                 0x20000020   Data           4  main.o(.data)
    c_lat                                    0x20000024   Data           4  main.o(.data)
    c_long                                   0x20000028   Data           4  main.o(.data)
    p_lat                                    0x2000002c   Data           4  main.o(.data)
    p_long                                   0x20000030   Data           4  main.o(.data)
    f_lat                                    0x20000034   Data           4  main.o(.data)
    f_long                                   0x20000038   Data           4  main.o(.data)
    s_lat                                    0x2000003c   Data           4  main.o(.data)
    s_long                                   0x20000040   Data           4  main.o(.data)
    total_distance                           0x20000044   Data           4  main.o(.data)
    dtg                                      0x20000048   Data           4  main.o(.data)
    delta_view                               0x2000004c   Data           4  main.o(.data)
    lat_float                                0x20000050   Data           4  main.o(.data)
    long_float                               0x20000054   Data           4  main.o(.data)
    latitude                                 0x20000058   Data         100  main.o(.bss)
    longitude                                0x200000bc   Data         100  main.o(.bss)
    command                                  0x20000120   Data         100  main.o(.bss)
    __libspace_start                         0x20000184   Data          96  libspace.o(.bss)
    __temporary_stack_top$libspace           0x200001e4   Data           0  libspace.o(.bss)



==============================================================================

Memory Map of the image

  Image Entry point : 0x00000329

  Load Region LR_1 (Base: 0x00000000, Size: 0x00005688, Max: 0xffffffff, ABSOLUTE)

    Execution Region ER_RO (Base: 0x00000000, Size: 0x00005630, Max: 0xffffffff, ABSOLUTE)

    Base Addr    Size         Type   Attr      Idx    E Section Name        Object

    0x00000000   0x0000026c   Data   RO            3    RESET               startup_tm4c123.o
    0x0000026c   0x00000008   Code   RO           58  * !!!main             c_w.l(__main.o)
    0x00000274   0x00000034   Code   RO          482    !!!scatter          c_w.l(__scatter.o)
    0x000002a8   0x0000001a   Code   RO          484    !!handler_copy      c_w.l(__scatter_copy.o)
    0x000002c2   0x00000002   PAD
    0x000002c4   0x0000001c   Code   RO          486    !!handler_zi        c_w.l(__scatter_zi.o)
    0x000002e0   0x00000002   Code   RO          280    .ARM.Collect$$libinit$$00000000  c_w.l(libinit.o)
    0x000002e2   0x00000004   Code   RO          281    .ARM.Collect$$libinit$$00000001  c_w.l(libinit2.o)
    0x000002e6   0x00000000   Code   RO          285    .ARM.Collect$$libinit$$00000008  c_w.l(libinit2.o)
    0x000002e6   0x00000000   Code   RO          287    .ARM.Collect$$libinit$$0000000A  c_w.l(libinit2.o)
    0x000002e6   0x00000000   Code   RO          289    .ARM.Collect$$libinit$$0000000C  c_w.l(libinit2.o)
    0x000002e6   0x00000006   Code   RO          290    .ARM.Collect$$libinit$$0000000D  c_w.l(libinit2.o)
    0x000002ec   0x00000000   Code   RO          292    .ARM.Collect$$libinit$$0000000F  c_w.l(libinit2.o)
    0x000002ec   0x0000000c   Code   RO          293    .ARM.Collect$$libinit$$00000010  c_w.l(libinit2.o)
    0x000002f8   0x00000000   Code   RO          294    .ARM.Collect$$libinit$$00000011  c_w.l(libinit2.o)
    0x000002f8   0x00000000   Code   RO          296    .ARM.Collect$$libinit$$00000013  c_w.l(libinit2.o)
    0x000002f8   0x0000000a   Code   RO          297    .ARM.Collect$$libinit$$00000014  c_w.l(libinit2.o)
    0x00000302   0x00000000   Code   RO          298    .ARM.Collect$$libinit$$00000015  c_w.l(libinit2.o)
    0x00000302   0x00000000   Code   RO          300    .ARM.Collect$$libinit$$00000017  c_w.l(libinit2.o)
    0x00000302   0x00000000   Code   RO          302    .ARM.Collect$$libinit$$00000019  c_w.l(libinit2.o)
    0x00000302   0x00000000   Code   RO          304    .ARM.Collect$$libinit$$0000001B  c_w.l(libinit2.o)
    0x00000302   0x00000000   Code   RO          306    .ARM.Collect$$libinit$$0000001D  c_w.l(libinit2.o)
    0x00000302   0x00000000   Code   RO          308    .ARM.Collect$$libinit$$0000001F  c_w.l(libinit2.o)
    0x00000302   0x00000000   Code   RO          310    .ARM.Collect$$libinit$$00000021  c_w.l(libinit2.o)
    0x00000302   0x00000000   Code   RO          312    .ARM.Collect$$libinit$$00000023  c_w.l(libinit2.o)
    0x00000302   0x00000000   Code   RO          316    .ARM.Collect$$libinit$$0000002A  c_w.l(libinit2.o)
    0x00000302   0x00000000   Code   RO          318    .ARM.Collect$$libinit$$0000002C  c_w.l(libinit2.o)
    0x00000302   0x00000000   Code   RO          320    .ARM.Collect$$libinit$$0000002E  c_w.l(libinit2.o)
    0x00000302   0x00000000   Code   RO          322    .ARM.Collect$$libinit$$00000030  c_w.l(libinit2.o)
    0x00000302   0x00000002   Code   RO          323    .ARM.Collect$$libinit$$00000031  c_w.l(libinit2.o)
    0x00000304   0x00000002   Code   RO          415    .ARM.Collect$$libshutdown$$00000000  c_w.l(libshutdown.o)
    0x00000306   0x00000000   Code   RO          443    .ARM.Collect$$libshutdown$$00000003  c_w.l(libshutdown2.o)
    0x00000306   0x00000000   Code   RO          446    .ARM.Collect$$libshutdown$$00000006  c_w.l(libshutdown2.o)
    0x00000306   0x00000000   Code   RO          449    .ARM.Collect$$libshutdown$$00000009  c_w.l(libshutdown2.o)
    0x00000306   0x00000000   Code   RO          451    .ARM.Collect$$libshutdown$$0000000B  c_w.l(libshutdown2.o)
    0x00000306   0x00000000   Code   RO          454    .ARM.Collect$$libshutdown$$0000000E  c_w.l(libshutdown2.o)
    0x00000306   0x00000002   Code   RO          455    .ARM.Collect$$libshutdown$$0000000F  c_w.l(libshutdown2.o)
    0x00000308   0x00000000   Code   RO          158    .ARM.Collect$$rtentry$$00000000  c_w.l(rtentry.o)
    0x00000308   0x00000000   Code   RO          222    .ARM.Collect$$rtentry$$00000002  c_w.l(rtentry2.o)
    0x00000308   0x00000006   Code   RO          234    .ARM.Collect$$rtentry$$00000004  c_w.l(rtentry4.o)
    0x0000030e   0x00000000   Code   RO          224    .ARM.Collect$$rtentry$$00000009  c_w.l(rtentry2.o)
    0x0000030e   0x00000004   Code   RO          225    .ARM.Collect$$rtentry$$0000000A  c_w.l(rtentry2.o)
    0x00000312   0x00000000   Code   RO          227    .ARM.Collect$$rtentry$$0000000C  c_w.l(rtentry2.o)
    0x00000312   0x00000008   Code   RO          228    .ARM.Collect$$rtentry$$0000000D  c_w.l(rtentry2.o)
    0x0000031a   0x00000002   Code   RO          326    .ARM.Collect$$rtexit$$00000000  c_w.l(rtexit.o)
    0x0000031c   0x00000000   Code   RO          379    .ARM.Collect$$rtexit$$00000002  c_w.l(rtexit2.o)
    0x0000031c   0x00000004   Code   RO          380    .ARM.Collect$$rtexit$$00000003  c_w.l(rtexit2.o)
    0x00000320   0x00000006   Code   RO          381    .ARM.Collect$$rtexit$$00000004  c_w.l(rtexit2.o)
    0x00000326   0x00000002   PAD
    0x00000328   0x0000010c   Code   RO            4  * .text               startup_tm4c123.o
    0x00000434   0x00000b70   Code   RO           10    .text               main.o
    0x00000fa4   0x0000001a   Code   RO           48    .text               c_w.l(atoi.o)
    0x00000fbe   0x0000003e   Code   RO           50    .text               c_w.l(strlen.o)
    0x00000ffc   0x00000044   Code   RO           52    .text               c_w.l(rt_memclr.o)
    0x00001040   0x00000080   Code   RO           54    .text               c_w.l(strcmpv7m.o)
    0x000010c0   0x00000006   Code   RO           56    .text               c_w.l(heapauxi.o)
    0x000010c6   0x00000002   PAD
    0x000010c8   0x00000008   Code   RO          162    .text               c_w.l(rt_errno_addr_intlibspace.o)
    0x000010d0   0x00000016   Code   RO          164    .text               c_w.l(_rserrno.o)
    0x000010e6   0x00000002   PAD
    0x000010e8   0x000000a0   Code   RO          166    .text               c_w.l(strtod.o)
    0x00001188   0x00000070   Code   RO          168    .text               c_w.l(strtol.o)
    0x000011f8   0x0000004e   Code   RO          170    .text               c_w.l(rt_memclr_w.o)
    0x00001246   0x00000002   PAD
    0x00001248   0x00000008   Code   RO          218    .text               c_w.l(libspace.o)
    0x00001250   0x00000010   Code   RO          236    .text               c_w.l(rt_ctype_table.o)
    0x00001260   0x00000012   Code   RO          238    .text               c_w.l(isspace.o)
    0x00001272   0x00000040   Code   RO          240    .text               c_w.l(_sgetc.o)
    0x000012b2   0x0000009e   Code   RO          242    .text               c_w.l(_strtoul.o)
    0x00001350   0x0000004a   Code   RO          257    .text               c_w.l(sys_stackheap_outer.o)
    0x0000139a   0x00000002   PAD
    0x0000139c   0x00000008   Code   RO          262    .text               c_w.l(rt_locale_intlibspace.o)
    0x000013a4   0x0000001c   Code   RO          264    .text               c_w.l(_chval.o)
    0x000013c0   0x000004a4   Code   RO          266    .text               c_w.l(scanf_fp.o)
    0x00001864   0x0000000c   Code   RO          273    .text               c_w.l(exit.o)
    0x00001870   0x000000e4   Code   RO          328    .text               c_w.l(bigflt0.o)
    0x00001954   0x00000314   Code   RO          385    .text               c_w.l(scanf_hexfp.o)
    0x00001c68   0x0000013c   Code   RO          387    .text               c_w.l(scanf_infnan.o)
    0x00001da4   0x0000000c   Code   RO          403    .text               c_w.l(sys_exit.o)
    0x00001db0   0x00000026   Code   RO          407    .text               c_w.l(llshl.o)
    0x00001dd6   0x00000002   Code   RO          432    .text               c_w.l(use_no_semi.o)
    0x00001dd8   0x00000000   Code   RO          434    .text               c_w.l(indicate_semi.o)
    0x00001dd8   0x00000338   Code   RO          341    CL$$btod_div_common  c_w.l(btod.o)
    0x00002110   0x00000054   Code   RO          339    CL$$btod_e2d        c_w.l(btod.o)
    0x00002164   0x000000c6   Code   RO          338    CL$$btod_e2e        c_w.l(btod.o)
    0x0000222a   0x00000028   Code   RO          335    CL$$btod_ediv       c_w.l(btod.o)
    0x00002252   0x00000028   Code   RO          337    CL$$btod_edivd      c_w.l(btod.o)
    0x0000227a   0x00000028   Code   RO          334    CL$$btod_emul       c_w.l(btod.o)
    0x000022a2   0x00000028   Code   RO          336    CL$$btod_emuld      c_w.l(btod.o)
    0x000022ca   0x00000244   Code   RO          340    CL$$btod_mult_common  c_w.l(btod.o)
    0x0000250e   0x00000030   Code   RO          202    i.__ARM_fpclassify  m_wm.l(fpclassify.o)
    0x0000253e   0x00000002   PAD
    0x00002540   0x00000370   Code   RO           82    i.__hardfp_asin     m_wm.l(asin.o)
    0x000028b0   0x00000038   Code   RO           96    i.__hardfp_atof     m_wm.l(atof.o)
    0x000028e8   0x000000d8   Code   RO          102    i.__hardfp_cos      m_wm.l(cos.o)
    0x000029c0   0x00000118   Code   RO          114    i.__hardfp_floor    m_wm.l(floor.o)
    0x00002ad8   0x000000e8   Code   RO          416    i.__hardfp_ldexp    m_wm.l(ldexp.o)
    0x00002bc0   0x00000c90   Code   RO          120    i.__hardfp_pow      m_wm.l(pow.o)
    0x00003850   0x000000d8   Code   RO          134    i.__hardfp_sin      m_wm.l(sin.o)
    0x00003928   0x0000007a   Code   RO          146    i.__hardfp_sqrt     m_wm.l(sqrt.o)
    0x000039a2   0x00000006   PAD
    0x000039a8   0x00000458   Code   RO          207    i.__ieee754_rem_pio2  m_wm.l(rred.o)
    0x00003e00   0x00000170   Code   RO          191    i.__kernel_cos      m_wm.l(cos_i.o)
    0x00003f70   0x000000f8   Code   RO          204    i.__kernel_poly     m_wm.l(poly.o)
    0x00004068   0x00000130   Code   RO          212    i.__kernel_sin      m_wm.l(sin_i.o)
    0x00004198   0x00000020   Code   RO          194    i.__mathlib_dbl_underflow  m_wm.l(dunder.o)
    0x000041b8   0x000000b8   Code   RO          371    i.__mathlib_narrow  m_wm.l(narrow.o)
    0x00004270   0x00000014   Code   RO          418    i.__support_ldexp   m_wm.l(ldexp.o)
    0x00004284   0x0000000e   Code   RO          268    i._is_digit         c_w.l(scanf_fp.o)
    0x00004292   0x00000020   Code   RO          198    i.fabs              m_wm.l(fabs.o)
    0x000042b2   0x00000006   PAD
    0x000042b8   0x0000009c   Code   RO          397    i.frexp             m_wm.l(frexp.o)
    0x00004354   0x0000006e   Code   RO          148    i.sqrt              m_wm.l(sqrt.o)
    0x000043c2   0x00000002   PAD
    0x000043c4   0x0000002c   Code   RO          245    locale$$code        c_w.l(lc_numeric_c.o)
    0x000043f0   0x0000002c   Code   RO          271    locale$$code        c_w.l(lc_ctype_c.o)
    0x0000441c   0x00000018   Code   RO          172    x$fpl$basic         fz_wm.l(basic.o)
    0x00004434   0x00000062   Code   RO           60    x$fpl$d2f           fz_wm.l(d2f.o)
    0x00004496   0x00000002   PAD
    0x00004498   0x00000150   Code   RO           62    x$fpl$dadd          fz_wm.l(daddsub_clz.o)
    0x000045e8   0x00000010   Code   RO          247    x$fpl$dcheck1       fz_wm.l(dcheck1.o)
    0x000045f8   0x00000018   Code   RO          249    x$fpl$dcmpinf       fz_wm.l(dcmpi.o)
    0x00004610   0x000002b0   Code   RO           69    x$fpl$ddiv          fz_wm.l(ddiv.o)
    0x000048c0   0x00000078   Code   RO          393    x$fpl$deqf          fz_wm.l(deqf.o)
    0x00004938   0x0000005e   Code   RO          251    x$fpl$dfix          fz_wm.l(dfix.o)
    0x00004996   0x0000002e   Code   RO           73    x$fpl$dflt          fz_wm.l(dflt_clz.o)
    0x000049c4   0x00000026   Code   RO           72    x$fpl$dfltu         fz_wm.l(dflt_clz.o)
    0x000049ea   0x00000002   PAD
    0x000049ec   0x00000078   Code   RO          174    x$fpl$dleqf         fz_wm.l(dleqf.o)
    0x00004a64   0x00000154   Code   RO           78    x$fpl$dmul          fz_wm.l(dmul.o)
    0x00004bb8   0x0000009c   Code   RO          176    x$fpl$dnaninf       fz_wm.l(dnaninf.o)
    0x00004c54   0x0000000c   Code   RO          178    x$fpl$dretinf       fz_wm.l(dretinf.o)
    0x00004c60   0x0000006c   Code   RO          180    x$fpl$drleqf        fz_wm.l(drleqf.o)
    0x00004ccc   0x00000016   Code   RO           63    x$fpl$drsb          fz_wm.l(daddsub_clz.o)
    0x00004ce2   0x00000002   PAD
    0x00004ce4   0x00000198   Code   RO          182    x$fpl$dsqrt         fz_wm.l(dsqrt_umaal.o)
    0x00004e7c   0x000001d4   Code   RO           64    x$fpl$dsub          fz_wm.l(daddsub_clz.o)
    0x00005050   0x00000056   Code   RO           80    x$fpl$f2d           fz_wm.l(f2d.o)
    0x000050a6   0x0000008c   Code   RO          184    x$fpl$fnaninf       fz_wm.l(fnaninf.o)
    0x00005132   0x0000000a   Code   RO          358    x$fpl$fpinit        fz_wm.l(fpinit.o)
    0x0000513c   0x0000000a   Code   RO          186    x$fpl$fretinf       fz_wm.l(fretinf.o)
    0x00005146   0x00000064   Code   RO          324    x$fpl$retnan        fz_wm.l(retnan.o)
    0x000051aa   0x0000005c   Code   RO          188    x$fpl$scalbn        fz_wm.l(scalbn.o)
    0x00005206   0x00000004   Code   RO          255    x$fpl$scanf1        fz_wm.l(scanf1.o)
    0x0000520a   0x00000008   Code   RO          362    x$fpl$scanf2        fz_wm.l(scanf2.o)
    0x00005212   0x00000030   Code   RO          368    x$fpl$trapveneer    fz_wm.l(trapv.o)
    0x00005242   0x00000000   Code   RO          190    x$fpl$usenofp       fz_wm.l(usenofp.o)
    0x00005242   0x00000006   PAD
    0x00005248   0x00000050   Data   RO           85    .constdata          m_wm.l(asin.o)
    0x00005298   0x00000088   Data   RO          123    .constdata          m_wm.l(pow.o)
    0x00005320   0x00000030   Data   RO          192    .constdata          m_wm.l(cos_i.o)
    0x00005350   0x00000008   Data   RO          206    .constdata          m_wm.l(qnan.o)
    0x00005358   0x000000c8   Data   RO          209    .constdata          m_wm.l(rred.o)
    0x00005420   0x00000028   Data   RO          213    .constdata          m_wm.l(sin_i.o)
    0x00005448   0x00000094   Data   RO          329    .constdata          c_w.l(bigflt0.o)
    0x000054dc   0x00000020   Data   RO          480    Region$$Table       anon$$obj.o
    0x000054fc   0x00000008   Data   RO          355    c$$dinf             fz_wm.l(fpconst.o)
    0x00005504   0x0000001c   Data   RO          244    locale$$data        c_w.l(lc_numeric_c.o)
    0x00005520   0x00000110   Data   RO          270    locale$$data        c_w.l(lc_ctype_c.o)


    Execution Region ER_RW (Base: 0x20000000, Size: 0x00000058, Max: 0xffffffff, ABSOLUTE)

    Base Addr    Size         Type   Attr      Idx    E Section Name        Object

    0x20000000   0x00000058   Data   RW           12    .data               main.o


    Execution Region ER_ZI (Base: 0x20000058, Size: 0x00000390, Max: 0xffffffff, ABSOLUTE)

    Base Addr    Size         Type   Attr      Idx    E Section Name        Object

    0x20000058   0x0000012c   Zero   RW           11    .bss                main.o
    0x20000184   0x00000060   Zero   RW          219    .bss                c_w.l(libspace.o)
    0x200001e4   0x00000004   PAD
    0x200001e8   0x00000000   Zero   RW            2    HEAP                startup_tm4c123.o
    0x200001e8   0x00000200   Zero   RW            1    STACK               startup_tm4c123.o


==============================================================================

Image component sizes


      Code (inc. data)   RO Data    RW Data    ZI Data      Debug   Object Name

      2928        468          0         88        300      11074   main.o
       268         20        620          0        512       5424   startup_tm4c123.o

    ----------------------------------------------------------------------
      3196        488        652         88        812      16498   Object Totals
         0          0         32          0          0          0   (incl. Generated)
         0          0          0          0          0          0   (incl. Padding)

    ----------------------------------------------------------------------

      Code (inc. data)   RO Data    RW Data    ZI Data      Debug   Library Member Name

         8          0          0          0          0         68   __main.o
        52          8          0          0          0          0   __scatter.o
        26          0          0          0          0          0   __scatter_copy.o
        28          0          0          0          0          0   __scatter_zi.o
        28          0          0          0          0         68   _chval.o
        22          0          0          0          0        100   _rserrno.o
        64          0          0          0          0         84   _sgetc.o
       158          0          0          0          0         92   _strtoul.o
        26          0          0          0          0         80   atoi.o
       228          6        148          0          0         96   bigflt0.o
      1846        132          0          0          0        736   btod.o
        12          0          0          0          0         72   exit.o
         6          0          0          0          0        152   heapauxi.o
         0          0          0          0          0          0   indicate_semi.o
        18          0          0          0          0         76   isspace.o
        44         10        272          0          0         76   lc_ctype_c.o
        44         10         28          0          0         76   lc_numeric_c.o
         2          0          0          0          0          0   libinit.o
        34          0          0          0          0          0   libinit2.o
         2          0          0          0          0          0   libshutdown.o
         2          0          0          0          0          0   libshutdown2.o
         8          4          0          0         96         68   libspace.o
        38          0          0          0          0         68   llshl.o
        16          4          0          0          0         76   rt_ctype_table.o
         8          4          0          0          0         68   rt_errno_addr_intlibspace.o
         8          4          0          0          0         68   rt_locale_intlibspace.o
        68          0          0          0          0         68   rt_memclr.o
        78          0          0          0          0         80   rt_memclr_w.o
         0          0          0          0          0          0   rtentry.o
        12          0          0          0          0          0   rtentry2.o
         6          0          0          0          0          0   rtentry4.o
         2          0          0          0          0          0   rtexit.o
        10          0          0          0          0          0   rtexit2.o
      1202         12          0          0          0        216   scanf_fp.o
       788         12          0          0          0        100   scanf_hexfp.o
       316         18          0          0          0        100   scanf_infnan.o
       128          0          0          0          0         68   strcmpv7m.o
        62          0          0          0          0         76   strlen.o
       160         12          0          0          0        120   strtod.o
       112          0          0          0          0         88   strtol.o
        12          4          0          0          0         68   sys_exit.o
        74          0          0          0          0         80   sys_stackheap_outer.o
         2          0          0          0          0         68   use_no_semi.o
        24          0          0          0          0        164   basic.o
        98          4          0          0          0        140   d2f.o
       826         16          0          0          0        492   daddsub_clz.o
        16          4          0          0          0        116   dcheck1.o
        24          0          0          0          0        116   dcmpi.o
       688        140          0          0          0        256   ddiv.o
       120          4          0          0          0        140   deqf.o
        94          4          0          0          0        140   dfix.o
        84          0          0          0          0        232   dflt_clz.o
       120          4          0          0          0        140   dleqf.o
       340         12          0          0          0        152   dmul.o
       156          4          0          0          0        140   dnaninf.o
        12          0          0          0          0        116   dretinf.o
       108          0          0          0          0        128   drleqf.o
       408         56          0          0          0        168   dsqrt_umaal.o
        86          4          0          0          0        132   f2d.o
       140          4          0          0          0        132   fnaninf.o
         0          0          8          0          0          0   fpconst.o
        10          0          0          0          0        116   fpinit.o
        10          0          0          0          0        116   fretinf.o
       100          0          0          0          0        116   retnan.o
        92          0          0          0          0        116   scalbn.o
         4          0          0          0          0        116   scanf1.o
         8          0          0          0          0        132   scanf2.o
        48          0          0          0          0        116   trapv.o
         0          0          0          0          0          0   usenofp.o
       880        106         80          0          0        200   asin.o
        56         12          0          0          0        132   atof.o
       216         16          0          0          0        152   cos.o
       368         46         48          0          0        200   cos_i.o
        32          8          0          0          0        124   dunder.o
        32          0          0          0          0        124   fabs.o
       280         28          0          0          0        156   floor.o
        48          0          0          0          0        124   fpclassify.o
       156         22          0          0          0        132   frexp.o
       252         16          0          0          0        308   ldexp.o
       184         18          0          0          0        152   narrow.o
       248          0          0          0          0        152   poly.o
      3216        310        136          0          0        216   pow.o
         0          0          8          0          0          0   qnan.o
      1112        140        200          0          0        188   rred.o
       216         16          0          0          0        152   sin.o
       304         24         40          0          0        208   sin_i.o
       232          0          0          0          0        296   sqrt.o

    ----------------------------------------------------------------------
     17248       1258        968          0        100      10004   Library Totals
        40          0          0          0          4          0   (incl. Padding)

    ----------------------------------------------------------------------

      Code (inc. data)   RO Data    RW Data    ZI Data      Debug   Library Name

      5760        240        448          0         96       3256   c_w.l
      3616        256          8          0          0       3732   fz_wm.l
      7832        762        512          0          0       3016   m_wm.l

    ----------------------------------------------------------------------
     17248       1258        968          0        100      10004   Library Totals

    ----------------------------------------------------------------------

==============================================================================


      Code (inc. data)   RO Data    RW Data    ZI Data      Debug   

     20444       1746       1620         88        912      20030   Grand Totals
     20444       1746       1620         88        912      20030   ELF Image Totals
     20444       1746       1620         88          0          0   ROM Totals

==============================================================================

    Total RO  Size (Code + RO Data)                22064 (  21.55kB)
    Total RW  Size (RW Data + ZI Data)              1000 (   0.98kB)
    Total ROM Size (Code + RO Data + RW Data)      22152 (  21.63kB)

==============================================================================

